2026-10-05 12:26:25,227 [INFO] ============================================================
2026-10-05 12:26:25,227 [INFO] Run start: 2026-10-05T12:26:25.227328+02:00 | keyword=Aviator
2026-10-05 12:26:25,231 [INFO] Starting Playwright with dedicated SERP Chrome profile: C:\Users\WandileK\OneDrive - HollywoodBets\Desktop\serp_monitor_app\scripts\serp_chrome_profile
2026-10-05 12:26:25,232 [INFO] Headless mode: False
2026-10-05 12:26:28,798 [INFO] Persistent Chrome context ready.
2026-10-05 12:26:29,072 [INFO] GET https://www.google.com/search?q=Aviator&hl=en&gl=za&num=10&pws=0
2026-10-05 12:26:32,691 [INFO] SERP loaded.
2026-10-05 12:26:32,706 [INFO] Visible h3 result titles: 9
2026-10-05 12:26:35,067 [INFO] Rank 1 | betway.co.za | Betway
2026-10-05 12:26:39,990 [INFO] Organic extracted: 1
2026-10-05 12:26:39,990 [WARNING] Only 1 organic results were extracted; expected 10.
2026-10-05 12:26:40,146 [INFO] Updated 1 SERP rows for 2026-10-05 at 12:00
2026-10-05 12:26:40,394 [INFO] Excel workbook saved: C:\Users\WandileK\OneDrive - HollywoodBets\Desktop\serp_monitor_app\scripts\aviator_rankings.xlsx
2026-10-05 12:26:44,736 [INFO] Browser closed.
2026-10-05 12:31:29,757 [INFO] ============================================================
2026-10-05 12:31:29,758 [INFO] Run start: 2026-10-05T12:31:29.757697+02:00 | keyword=Aviator
2026-10-05 12:31:29,762 [INFO] Starting Playwright with dedicated SERP Chrome profile: C:\Users\WandileK\OneDrive - HollywoodBets\Desktop\serp_monitor_app\scripts\serp_chrome_profile
2026-10-05 12:31:29,762 [INFO] Headless mode: False
2026-10-05 12:31:33,096 [INFO] Persistent Chrome context ready.
2026-10-05 12:31:33,309 [INFO] GET https://www.google.com/search?q=Aviator&hl=en&gl=za&num=10&pws=0
2026-10-05 12:31:35,180 [INFO] SERP loaded.
2026-10-05 12:31:35,192 [INFO] Visible h3 result titles: 10
2026-10-05 12:31:41,971 [INFO] Rank 1 | hollywoodbets.net | Play Aviator | Aviator Game | Hollywoodbets SA
2026-10-05 12:31:44,790 [INFO] Rank 2 | betway.co.za | Play Online Casino Games - Register ...
2026-10-05 12:31:47,175 [INFO] Rank 3 | betway.co.za | Play Aviator and reach for the sky | Betway Sports betting
2026-10-05 12:31:51,089 [INFO] Rank 4 | 10bet.co.za | Play Aviator Game Online | Crash Game by Spribe
2026-10-05 12:31:54,763 [INFO] Rank 5 | livescore.com | How to Play Aviator on Betway 2026: Get 10 Free Flights
2026-10-05 12:31:56,456 [INFO] Rank 6 | ajkksaedu.in | Aviator Game | Official Aviator app [Verified] ⭐️ Download ...
2026-10-05 12:31:58,215 [INFO] Rank 7 | betway.co.za | Play Aviator | Register and Get 10 Free Flights
2026-10-05 12:32:01,140 [INFO] Rank 8 | en.wikipedia.org | Aircraft pilot
2026-10-05 12:32:03,231 [INFO] Rank 9 | spribe.co | Aviator
2026-10-05 12:32:03,232 [INFO] Organic extracted: 9
2026-10-05 12:32:03,232 [WARNING] Only 9 organic results were extracted; expected 10.
2026-10-05 12:32:03,286 [INFO] Updated 9 SERP rows for 2026-10-05 at 12:00
2026-10-05 12:32:03,349 [INFO] Excel workbook saved: C:\Users\WandileK\OneDrive - HollywoodBets\Desktop\serp_monitor_app\scripts\aviator_rankings.xlsx
2026-10-05 12:32:04,003 [INFO] Browser closed.
2026-10-05 13:35:19,376 [INFO] ============================================================
2026-10-05 13:35:19,377 [INFO] Run start: 2026-10-05T13:35:19.376864+02:00 | keyword=Aviator
2026-10-05 13:35:19,379 [INFO] Starting Playwright with dedicated SERP Chrome profile: C:\Users\WandileK\OneDrive - HollywoodBets\Desktop\serp_monitor_app\scripts\serp_chrome_profile
2026-10-05 13:35:19,380 [INFO] Headless mode: False
2026-10-05 13:35:21,165 [INFO] Persistent Chrome context ready.
2026-10-05 13:35:21,365 [INFO] GET https://www.google.com/search?q=Aviator&hl=en&gl=za&num=10&pws=0
2026-10-05 13:35:22,743 [INFO] SERP loaded.
2026-10-05 13:35:22,750 [INFO] Visible h3 result titles: 9
2026-10-05 13:35:23,848 [INFO] Rank 1 | hollywoodbets.net | Play Aviator | Aviator Game | Hollywoodbets SA
2026-10-05 13:35:25,653 [INFO] Organic extracted: 1
2026-10-05 13:35:25,653 [WARNING] Only 1 organic results were extracted; expected 10.
2026-10-05 13:35:25,691 [INFO] Updated 1 SERP rows for 2026-10-05 at 13:00
2026-10-05 13:35:25,761 [INFO] Excel workbook saved: C:\Users\WandileK\OneDrive - HollywoodBets\Desktop\serp_monitor_app\scripts\aviator_rankings.xlsx
2026-10-05 13:35:27,474 [INFO] Browser closed.
2026-10-05 14:06:10,832 [INFO] ============================================================
2026-10-05 14:06:10,834 [INFO] Run start: 2026-10-05T14:06:10.832905+02:00 | keyword=Aviator
2026-10-05 14:06:10,838 [INFO] Starting Playwright with dedicated SERP Chrome profile: C:\Users\WandileK\OneDrive - HollywoodBets\Desktop\serp_monitor_app\scripts\serp_chrome_profile
2026-10-05 14:06:10,838 [INFO] Headless mode: False
2026-10-05 14:06:13,181 [INFO] Persistent Chrome context ready.
2026-10-05 14:06:13,449 [INFO] GET https://www.google.com/search?q=Aviator&hl=en&gl=za&num=10&pws=0
2026-10-05 14:06:15,177 [INFO] SERP loaded.
2026-10-05 14:06:15,234 [INFO] Visible h3 result titles: 9
2026-10-05 14:06:16,961 [INFO] Rank 1 | hollywoodbets.net | Play Aviator | Aviator Game | Hollywoodbets SA
2026-10-05 14:06:20,908 [INFO] Organic extracted: 1
2026-10-05 14:06:20,908 [WARNING] Only 1 organic results were extracted; expected 10.
2026-10-05 14:06:20,971 [INFO] Updated 1 SERP rows for 2026-10-05 at 14:00
2026-10-05 14:06:21,066 [INFO] Excel workbook saved: C:\Users\WandileK\OneDrive - HollywoodBets\Desktop\serp_monitor_app\scripts\aviator_rankings.xlsx
2026-10-05 14:06:21,972 [INFO] Browser closed.
2026-10-05 14:15:51,851 [INFO] ============================================================
2026-10-05 14:15:51,852 [INFO] Run start: 2026-10-05T14:15:51.851443+02:00 | keyword=Aviator
2026-10-05 14:15:51,854 [INFO] Starting Playwright with dedicated SERP Chrome profile: C:\Users\WandileK\OneDrive - HollywoodBets\Desktop\serp_monitor_app\scripts\serp_chrome_profile
2026-10-05 14:15:51,856 [INFO] Headless mode: False
2026-10-05 14:15:54,147 [INFO] Persistent Chrome context ready.
2026-10-05 14:15:54,383 [INFO] GET https://www.google.com/search?q=Aviator&hl=en&gl=za&num=10&pws=0
2026-10-05 14:15:56,019 [INFO] SERP loaded.
2026-10-05 14:15:56,037 [INFO] Visible h3 result titles: 10
2026-10-05 14:15:57,646 [INFO] Rank 1 | hollywoodbets.net | Play Aviator | Aviator Game | Hollywoodbets SA
2026-10-05 14:15:59,910 [INFO] Rank 2 | betway.co.za | Play Online Casino Games - Register ...
2026-10-05 14:16:02,105 [INFO] Rank 3 | betway.co.za | Play Aviator and reach for the sky | Betway Sports betting
2026-10-05 14:16:03,953 [INFO] Rank 4 | 10bet.co.za | Play Aviator Game Online | Crash Game by Spribe
2026-10-05 14:16:05,291 [INFO] Rank 5 | livescore.com | How to Play Aviator on Betway 2026: Get 10 Free Flights
2026-10-05 14:16:06,497 [INFO] Rank 6 | betway.co.za | Play Aviator | Register and Get 10 Free Flights
2026-10-05 14:16:07,563 [INFO] Rank 7 | ajkksaedu.in | Aviator Game | Official Aviator app [Verified] ⭐️ Download ...
2026-10-05 14:16:08,886 [INFO] Rank 8 | spribe.co | Aviator
2026-10-05 14:16:10,700 [INFO] Rank 9 | gbets.co.za | Play Aviator Slot by SPRIBE - Crash Games
2026-10-05 14:16:10,701 [INFO] Organic extracted: 9
2026-10-05 14:16:10,703 [WARNING] Only 9 organic results were extracted; expected 10.
2026-10-05 14:16:10,744 [INFO] Updated 9 SERP rows for 2026-10-05 at 14:00
2026-10-05 14:16:10,798 [INFO] Excel workbook saved: C:\Users\WandileK\OneDrive - HollywoodBets\Desktop\serp_monitor_app\scripts\aviator_rankings.xlsx
2026-10-05 14:16:11,278 [INFO] Browser closed.
2026-10-05 15:35:43,979 [INFO] ============================================================
2026-10-05 15:35:43,981 [INFO] Run start: 2026-10-05T15:35:43.979127+02:00 | keyword=Aviator
2026-10-05 15:35:43,983 [INFO] Starting Playwright with dedicated SERP Chrome profile: C:\Users\WandileK\OneDrive - HollywoodBets\Desktop\serp_monitor_app\scripts\serp_chrome_profile
2026-10-05 15:35:43,983 [INFO] Headless mode: False
2026-10-05 15:35:50,997 [ERROR] Run failed: BrowserType.launch_persistent_context: Target page, context or browser has been closed
Browser logs:

<launching> C:\Program Files\Google\Chrome\Application\chrome.exe --disable-field-trial-config --disable-background-networking --disable-background-timer-throttling --disable-backgrounding-occluded-windows --disable-back-forward-cache --disable-breakpad --disable-client-side-phishing-detection --disable-component-extensions-with-background-pages --disable-component-update --no-default-browser-check --disable-default-apps --disable-dev-shm-usage --disable-edgeupdater --disable-extensions --disable-features=AvoidUnnecessaryBeforeUnloadCheckSync,DestroyProfileOnBrowserClose,DialMediaRouteProvider,GlobalMediaControls,HttpsUpgrades,LensOverlay,MediaRouter,PaintHolding,ThirdPartyStoragePartitioning,BlockOriginHeaderModificationOnRedirect,Translate,AutoDeElevate,OptimizationHints,msForceBrowserSignIn,msEdgeUpdateLaunchServicesPreferredVersion --enable-features=CDPScreenshotNewSurface --allow-pre-commit-input --disable-hang-monitor --disable-ipc-flooding-protection --disable-popup-blocking --disable-prompt-on-repost --disable-renderer-backgrounding --disable-updater-scheduler --force-color-profile=srgb --metrics-recording-only --no-first-run --password-store=basic --use-mock-keychain --no-service-autorun --export-tagged-pdf --disable-search-engine-choice-screen --unsafely-disable-devtools-self-xss-warnings --edge-skip-compat-layer-relaunch --disable-infobars --disable-search-engine-choice-screen --disable-sync --enable-unsafe-swiftshader --no-sandbox --disable-blink-features=AutomationControlled --no-first-run --no-default-browser-check --user-data-dir=C:\Users\WandileK\OneDrive - HollywoodBets\Desktop\serp_monitor_app\scripts\serp_chrome_profile --remote-debugging-pipe about:blank
<launched> pid=20968
Call log:
  - <launching> C:\Program Files\Google\Chrome\Application\chrome.exe --disable-field-trial-config --disable-background-networking --disable-background-timer-throttling --disable-backgrounding-occluded-windows --disable-back-forward-cache --disable-breakpad --disable-client-side-phishing-detection --disable-component-extensions-with-background-pages --disable-component-update --no-default-browser-check --disable-default-apps --disable-dev-shm-usage --disable-edgeupdater --disable-extensions --disable-features=AvoidUnnecessaryBeforeUnloadCheckSync,DestroyProfileOnBrowserClose,DialMediaRouteProvider,GlobalMediaControls,HttpsUpgrades,LensOverlay,MediaRouter,PaintHolding,ThirdPartyStoragePartitioning,BlockOriginHeaderModificationOnRedirect,Translate,AutoDeElevate,OptimizationHints,msForceBrowserSignIn,msEdgeUpdateLaunchServicesPreferredVersion --enable-features=CDPScreenshotNewSurface --allow-pre-commit-input --disable-hang-monitor --disable-ipc-flooding-protection --disable-popup-blocking --disable-prompt-on-repost --disable-renderer-backgrounding --disable-updater-scheduler --force-color-profile=srgb --metrics-recording-only --no-first-run --password-store=basic --use-mock-keychain --no-service-autorun --export-tagged-pdf --disable-search-engine-choice-screen --unsafely-disable-devtools-self-xss-warnings --edge-skip-compat-layer-relaunch --disable-infobars --disable-search-engine-choice-screen --disable-sync --enable-unsafe-swiftshader --no-sandbox --disable-blink-features=AutomationControlled --no-first-run --no-default-browser-check --user-data-dir=C:\Users\WandileK\OneDrive - HollywoodBets\Desktop\serp_monitor_app\scripts\serp_chrome_profile --remote-debugging-pipe about:blank
  - <launched> pid=20968
  - [pid=20968] <gracefully close start>
  - [pid=20968] <kill>
  - [pid=20968] <will force kill>
  - [pid=20968] taskkill stderr: ERROR: The process "20968" not found.
  - [pid=20968] <process did exit: exitCode=0, signal=null>
  - [pid=20968] starting temporary directories cleanup
  - [pid=20968] finished temporary directories cleanup
  - [pid=20968] <gracefully close end>

2026-10-05 15:35:51,004 [ERROR] Traceback (most recent call last):
  File "C:\Users\WandileK\OneDrive - HollywoodBets\Desktop\serp_monitor_app\scripts\SEO_SERP_Monitor_Aviator.py", line 1091, in run_once
    page = search_google(KEYWORD)
           ^^^^^^^^^^^^^^^^^^^^^^
  File "C:\Users\WandileK\OneDrive - HollywoodBets\Desktop\serp_monitor_app\scripts\SEO_SERP_Monitor_Aviator.py", line 170, in search_google
    context = BROWSER.start()
              ^^^^^^^^^^^^^^^
  File "C:\Users\WandileK\OneDrive - HollywoodBets\Desktop\serp_monitor_app\scripts\SEO_SERP_Monitor_Aviator.py", line 125, in start
    self._context = self._pw.chromium.launch_persistent_context(
                    ^^^^^^^^^^^^^^^^^^^^^^^^^^^^^^^^^^^^^^^^^^^^
  File "C:\Users\WandileK\AppData\Local\Packages\PythonSoftwareFoundation.Python.3.12_qbz5n2kfra8p0\LocalCache\local-packages\Python312\site-packages\playwright\sync_api\_generated.py", line 17120, in launch_persistent_context
    self._sync(
  File "C:\Users\WandileK\AppData\Local\Packages\PythonSoftwareFoundation.Python.3.12_qbz5n2kfra8p0\LocalCache\local-packages\Python312\site-packages\playwright\_impl\_sync_base.py", line 115, in _sync
    return task.result()
           ^^^^^^^^^^^^^
  File "C:\Users\WandileK\AppData\Local\Packages\PythonSoftwareFoundation.Python.3.12_qbz5n2kfra8p0\LocalCache\local-packages\Python312\site-packages\playwright\_impl\_browser_type.py", line 169, in launch_persistent_context
    result = await self._channel.send_return_as_dict(
             ^^^^^^^^^^^^^^^^^^^^^^^^^^^^^^^^^^^^^^^^
  File "C:\Users\WandileK\AppData\Local\Packages\PythonSoftwareFoundation.Python.3.12_qbz5n2kfra8p0\LocalCache\local-packages\Python312\site-packages\playwright\_impl\_connection.py", line 103, in send_return_as_dict
    return await self._connection.wrap_api_call(
           ^^^^^^^^^^^^^^^^^^^^^^^^^^^^^^^^^^^^^
  File "C:\Users\WandileK\AppData\Local\Packages\PythonSoftwareFoundation.Python.3.12_qbz5n2kfra8p0\LocalCache\local-packages\Python312\site-packages\playwright\_impl\_connection.py", line 632, in wrap_api_call
    raise rewrite_error(error, f"{parsed_st['apiName']}: {error}") from None
playwright._impl._errors.TargetClosedError: BrowserType.launch_persistent_context: Target page, context or browser has been closed
Browser logs:

<launching> C:\Program Files\Google\Chrome\Application\chrome.exe --disable-field-trial-config --disable-background-networking --disable-background-timer-throttling --disable-backgrounding-occluded-windows --disable-back-forward-cache --disable-breakpad --disable-client-side-phishing-detection --disable-component-extensions-with-background-pages --disable-component-update --no-default-browser-check --disable-default-apps --disable-dev-shm-usage --disable-edgeupdater --disable-extensions --disable-features=AvoidUnnecessaryBeforeUnloadCheckSync,DestroyProfileOnBrowserClose,DialMediaRouteProvider,GlobalMediaControls,HttpsUpgrades,LensOverlay,MediaRouter,PaintHolding,ThirdPartyStoragePartitioning,BlockOriginHeaderModificationOnRedirect,Translate,AutoDeElevate,OptimizationHints,msForceBrowserSignIn,msEdgeUpdateLaunchServicesPreferredVersion --enable-features=CDPScreenshotNewSurface --allow-pre-commit-input --disable-hang-monitor --disable-ipc-flooding-protection --disable-popup-blocking --disable-prompt-on-repost --disable-renderer-backgrounding --disable-updater-scheduler --force-color-profile=srgb --metrics-recording-only --no-first-run --password-store=basic --use-mock-keychain --no-service-autorun --export-tagged-pdf --disable-search-engine-choice-screen --unsafely-disable-devtools-self-xss-warnings --edge-skip-compat-layer-relaunch --disable-infobars --disable-search-engine-choice-screen --disable-sync --enable-unsafe-swiftshader --no-sandbox --disable-blink-features=AutomationControlled --no-first-run --no-default-browser-check --user-data-dir=C:\Users\WandileK\OneDrive - HollywoodBets\Desktop\serp_monitor_app\scripts\serp_chrome_profile --remote-debugging-pipe about:blank
<launched> pid=20968
Call log:
  - <launching> C:\Program Files\Google\Chrome\Application\chrome.exe --disable-field-trial-config --disable-background-networking --disable-background-timer-throttling --disable-backgrounding-occluded-windows --disable-back-forward-cache --disable-breakpad --disable-client-side-phishing-detection --disable-component-extensions-with-background-pages --disable-component-update --no-default-browser-check --disable-default-apps --disable-dev-shm-usage --disable-edgeupdater --disable-extensions --disable-features=AvoidUnnecessaryBeforeUnloadCheckSync,DestroyProfileOnBrowserClose,DialMediaRouteProvider,GlobalMediaControls,HttpsUpgrades,LensOverlay,MediaRouter,PaintHolding,ThirdPartyStoragePartitioning,BlockOriginHeaderModificationOnRedirect,Translate,AutoDeElevate,OptimizationHints,msForceBrowserSignIn,msEdgeUpdateLaunchServicesPreferredVersion --enable-features=CDPScreenshotNewSurface --allow-pre-commit-input --disable-hang-monitor --disable-ipc-flooding-protection --disable-popup-blocking --disable-prompt-on-repost --disable-renderer-backgrounding --disable-updater-scheduler --force-color-profile=srgb --metrics-recording-only --no-first-run --password-store=basic --use-mock-keychain --no-service-autorun --export-tagged-pdf --disable-search-engine-choice-screen --unsafely-disable-devtools-self-xss-warnings --edge-skip-compat-layer-relaunch --disable-infobars --disable-search-engine-choice-screen --disable-sync --enable-unsafe-swiftshader --no-sandbox --disable-blink-features=AutomationControlled --no-first-run --no-default-browser-check --user-data-dir=C:\Users\WandileK\OneDrive - HollywoodBets\Desktop\serp_monitor_app\scripts\serp_chrome_profile --remote-debugging-pipe about:blank
  - <launched> pid=20968
  - [pid=20968] <gracefully close start>
  - [pid=20968] <kill>
  - [pid=20968] <will force kill>
  - [pid=20968] taskkill stderr: ERROR: The process "20968" not found.
  - [pid=20968] <process did exit: exitCode=0, signal=null>
  - [pid=20968] starting temporary directories cleanup
  - [pid=20968] finished temporary directories cleanup
  - [pid=20968] <gracefully close end>


2026-10-05 15:35:51,005 [INFO] Browser closed.
2026-10-05 15:48:30,656 [INFO] ============================================================
2026-10-05 15:48:30,656 [INFO] Run start: 2026-10-05T15:48:30.656854+02:00 | keyword=Aviator
2026-10-05 15:48:30,658 [INFO] Starting Playwright with dedicated SERP Chrome profile: C:\Users\WandileK\OneDrive - HollywoodBets\Desktop\serp_monitor_app\scripts\serp_chrome_profile_aviator
2026-10-05 15:48:30,661 [INFO] Headless mode: False
2026-10-05 15:48:31,678 [INFO] Persistent Chrome context ready.
2026-10-05 15:48:31,778 [INFO] GET https://www.google.com/search?q=Aviator&hl=en&gl=za&num=20&pws=0
2026-10-05 15:48:35,887 [INFO] SERP loaded.
2026-10-05 15:48:35,897 [INFO] SERP candidates found (H3): 10
2026-10-05 15:48:38,237 [INFO] Rank 1 | hollywoodbets.net | Play Aviator | Aviator Game | Hollywoodbets SA
2026-10-05 15:48:40,182 [INFO] Rank 2 | betway.co.za | Play Online Casino Games - Register ...
2026-10-05 15:48:41,866 [INFO] Rank 3 | betway.co.za | Play Aviator and reach for the sky | Betway Sports betting
2026-10-05 15:48:44,674 [INFO] Rank 4 | 10bet.co.za | Play Aviator Game Online | Crash Game by Spribe
2026-10-05 15:48:47,567 [INFO] Rank 5 | livescore.com | How to Play Aviator on Betway 2026: Get 10 Free Flights
2026-10-05 15:48:54,849 [INFO] Rank 6 | betway.co.za | Play Aviator | Register and Get 10 Free Flights
2026-10-05 15:48:57,139 [INFO] Rank 7 | spribe.co | Aviator
2026-10-05 15:48:59,660 [INFO] Rank 8 | en.wikipedia.org | Aircraft pilot
2026-10-05 15:48:59,732 [INFO] Rank 9 | play.google.com | Aviator – Apps on Google Play
2026-10-05 15:49:00,696 [INFO] Rank 10 | gbets.co.za | Play Aviator Slot by SPRIBE - Crash Games
2026-10-05 15:49:00,696 [INFO] SERP extraction complete: 10/10 organic results
2026-10-05 15:49:00,733 [INFO] Updated 10 SERP rows for 2026-10-05 at 15:00
2026-10-05 15:49:00,772 [INFO] Excel workbook saved: C:\Users\WandileK\OneDrive - HollywoodBets\Desktop\serp_monitor_app\scripts\aviator_rankings.xlsx
2026-10-05 15:49:01,280 [INFO] Browser closed.
2026-10-05 16:12:55,247 [INFO] ============================================================
2026-10-05 16:12:55,247 [INFO] Run start: 2026-10-05T16:12:55.247845+02:00 | keyword=Aviator
2026-10-05 16:12:55,251 [INFO] Starting Playwright with dedicated SERP Chrome profile: C:\Users\WandileK\OneDrive - HollywoodBets\Desktop\serp_monitor_app\scripts\serp_chrome_profile_aviator
2026-10-05 16:12:55,251 [INFO] Headless mode: False
2026-10-05 16:12:56,741 [INFO] Persistent Chrome context ready.
2026-10-05 16:12:56,880 [INFO] GET https://www.google.com/search?q=Aviator&hl=en&gl=za&num=20&pws=0
2026-10-05 16:13:02,123 [INFO] SERP loaded.
2026-10-05 16:13:02,130 [INFO] SERP candidates found (H3): 10
2026-10-05 16:13:03,611 [INFO] Rank 1 | betway.co.za | Play Online Casino Games - Register ...
2026-10-05 16:13:05,385 [INFO] Rank 2 | hollywoodbets.net | Play Aviator | Aviator Game | Hollywoodbets SA
2026-10-05 16:13:12,536 [INFO] Rank 3 | 10bet.co.za | Play Aviator Game Online | Crash Game by Spribe
2026-10-05 16:13:14,289 [INFO] Rank 4 | betway.co.za | Play Aviator and reach for the sky | Betway Sports betting
2026-10-05 16:13:16,119 [INFO] Rank 5 | betway.co.za | Play Aviator | Register and Get 10 Free Flights
2026-10-05 16:13:20,004 [INFO] Rank 6 | merriam-webster.com | AVIATOR Definition & Meaning
2026-10-05 16:13:21,303 [INFO] Rank 7 | livescore.com | How to Play Aviator on Betway 2026: Get 10 Free Flights
2026-10-05 16:13:23,006 [INFO] Rank 8 | spribe.co | Aviator
2026-10-05 16:13:31,358 [INFO] Rank 9 | aviator.aero | AVIATOR | Airline Market Intelligence
2026-10-05 16:13:34,182 [INFO] Rank 10 | youtube.com | Betway Aviator - Picking up a Quick Big Win
2026-10-05 16:13:34,183 [INFO] SERP extraction complete: 10/10 organic results
2026-10-05 16:13:34,231 [INFO] Updated 10 SERP rows for 2026-10-05 at 16:00
2026-10-05 16:13:34,298 [INFO] Excel workbook saved: C:\Users\WandileK\OneDrive - HollywoodBets\Desktop\serp_monitor_app\scripts\aviator_rankings.xlsx
2026-10-05 16:13:36,135 [INFO] Browser closed.
2026-10-06 08:50:33,908 [INFO] ============================================================
2026-10-06 08:50:33,908 [INFO] Run start: 2026-10-06T08:50:33.908092+02:00 | keyword=Aviator
2026-10-06 08:50:33,908 [INFO] Starting Playwright with dedicated SERP Chrome profile: C:\Users\santhm\Desktop\SERP_Monitor\SERP_Monitor\scripts\serp_chrome_profile_aviator
2026-10-06 08:50:33,908 [INFO] Headless mode: False
2026-10-06 08:50:34,637 [INFO] Persistent Chrome context ready.
2026-10-06 08:50:34,664 [INFO] GET https://www.google.com/search?q=Aviator&hl=en&gl=za&num=20&pws=0
2026-10-06 08:50:41,819 [INFO] SERP loaded.
2026-10-06 08:50:41,822 [INFO] SERP candidates found (H3): 8
2026-10-06 08:50:50,014 [INFO] Rank 1 | cottonon.com | AI Mode reply for Aviator
2026-10-06 08:50:50,049 [INFO] Rank 2 | play.google.com | Aviator Game – Apps on Google Play
2026-10-06 08:51:00,860 [INFO] Rank 3 | trongsa.gov.bt | Aviator is a game that is purely regarding chance and you ...
2026-10-06 08:51:02,110 [INFO] Rank 4 | booking.com | Aviator's Nest, Kempton Park (updated prices 2026)
2026-10-06 08:51:05,109 [INFO] Rank 5 | dynalogsa.co.za | The rise of aviator by Spribe: Why this game is a must-try ...
2026-10-06 08:51:05,994 [INFO] Rank 6 | takealot.com | An Aviator At Heart | Shop Today. Get it Tomorrow!
2026-10-06 08:51:08,648 [INFO] Rank 7 | truworths.co.za | Navy Side Shield Metal Trim Aviator (3254886)
2026-10-06 08:51:09,823 [INFO] Rank 8 | mg.co.za | The Mail & Guardian | Africa's Better Future
2026-10-06 08:51:09,823 [INFO] SERP extraction complete: 8/10 organic results
2026-10-06 08:51:09,852 [INFO] Updated 8 SERP rows for 2026-10-06 at 08:00
2026-10-06 08:51:09,876 [INFO] Excel workbook saved: C:\Users\santhm\Desktop\SERP_Monitor\SERP_Monitor\scripts\aviator_rankings.xlsx
2026-10-06 08:51:10,116 [INFO] Browser closed.
2026-10-06 10:45:01,300 [INFO] ============================================================
2026-10-06 10:45:01,300 [INFO] Run start: 2026-10-06T10:45:01.300100+02:00 | keyword=Aviator
2026-10-06 10:45:01,300 [INFO] Starting Playwright with dedicated SERP Chrome profile: C:\Users\santhm\Desktop\SERP_Monitor\SERP_Monitor\scripts\serp_chrome_profile_aviator
2026-10-06 10:45:01,301 [INFO] Headless mode: False
2026-10-06 10:45:02,052 [INFO] Persistent Chrome context ready.
2026-10-06 10:45:02,102 [INFO] GET https://www.google.com/search?q=Aviator&hl=en&gl=za&num=20&pws=0
2026-10-06 10:45:05,930 [INFO] SERP loaded.
2026-10-06 10:45:05,933 [INFO] SERP candidates found (H3): 8
2026-10-06 10:45:08,164 [INFO] Rank 1 | truworths.co.za | AI Mode reply for Aviator
2026-10-06 10:45:08,252 [INFO] Rank 2 | play.google.com | Aviator Game – Apps on Google Play
2026-10-06 10:45:14,119 [INFO] Rank 3 | trongsa.gov.bt | Aviator is a game that is purely regarding chance and you ...
2026-10-06 10:45:15,474 [INFO] Rank 4 | booking.com | Aviator's Nest, Kempton Park (updated prices 2026)
2026-10-06 10:45:17,141 [INFO] Rank 5 | dynalogsa.co.za | The rise of aviator by Spribe: Why this game is a must-try ...
2026-10-06 10:45:17,943 [INFO] Rank 6 | takealot.com | An Aviator At Heart | Shop Today. Get it Tomorrow!
2026-10-06 10:45:20,869 [INFO] Rank 7 | mg.co.za | The Mail & Guardian | Africa's Better Future
2026-10-06 10:45:20,869 [INFO] SERP extraction complete: 7/10 organic results
2026-10-06 10:45:20,891 [INFO] Updated 7 SERP rows for 2026-10-06 at 10:00
2026-10-06 10:45:20,917 [WARNING] Excel file is locked; retrying save (1/5)...
2026-10-06 10:45:22,437 [INFO] Excel workbook saved: C:\Users\santhm\Desktop\SERP_Monitor\SERP_Monitor\scripts\aviator_rankings.xlsx
2026-10-06 10:45:22,677 [INFO] Browser closed.
2026-10-06 10:50:53,420 [INFO] ============================================================
2026-10-06 10:50:53,421 [INFO] Run start: 2026-10-06T10:50:53.420898+02:00 | keyword=Aviator
2026-10-06 10:50:53,421 [INFO] Starting Playwright with dedicated SERP Chrome profile: C:\Users\santhm\Desktop\SERP_Monitor\SERP_Monitor\scripts\serp_chrome_profile_aviator
2026-10-06 10:50:53,421 [INFO] Headless mode: False
2026-10-06 10:50:54,014 [INFO] Persistent Chrome context ready.
2026-10-06 10:50:54,068 [INFO] GET https://www.google.com/search?q=Aviator&hl=en&gl=za&num=20&pws=0
2026-10-06 10:50:58,607 [INFO] SERP loaded.
2026-10-06 10:50:58,611 [INFO] SERP candidates found (H3): 8
2026-10-06 10:51:01,415 [INFO] Rank 1 | trongsa.gov.bt | AI Mode reply for Aviator
2026-10-06 10:51:01,447 [INFO] Rank 2 | play.google.com | Aviator Game – Apps on Google Play
2026-10-06 10:51:05,343 [INFO] Rank 3 | booking.com | Aviator's Nest, Kempton Park (updated prices 2026)
2026-10-06 10:51:06,435 [INFO] Rank 4 | dynalogsa.co.za | The rise of aviator by Spribe: Why this game is a must-try ...
2026-10-06 10:51:07,138 [INFO] Rank 5 | takealot.com | An Aviator At Heart | Shop Today. Get it Tomorrow!
2026-10-06 10:51:09,580 [INFO] Rank 6 | truworths.co.za | Navy Side Shield Metal Trim Aviator (3254886)
2026-10-06 10:51:10,522 [INFO] Rank 7 | mg.co.za | The Mail & Guardian | Africa's Better Future
2026-10-06 10:51:10,522 [INFO] SERP extraction complete: 7/10 organic results
2026-10-06 10:51:10,544 [INFO] Updated 7 SERP rows for 2026-10-06 at 10:00
2026-10-06 10:51:10,571 [INFO] Excel workbook saved: C:\Users\santhm\Desktop\SERP_Monitor\SERP_Monitor\scripts\aviator_rankings.xlsx
2026-10-06 10:51:10,774 [INFO] Browser closed.
2026-10-06 10:59:27,876 [INFO] ============================================================
2026-10-06 10:59:27,877 [INFO] Run start: 2026-10-06T10:59:27.876874+02:00 | keyword=Aviator
2026-10-06 10:59:27,877 [INFO] Starting Playwright with dedicated SERP Chrome profile: C:\Users\santhm\Desktop\SERP_Monitor\SERP_Monitor\scripts\serp_chrome_profile_aviator
2026-10-06 10:59:27,878 [INFO] Headless mode: False
2026-10-06 10:59:28,439 [INFO] Persistent Chrome context ready.
2026-10-06 10:59:28,519 [INFO] GET https://www.google.com/search?q=Aviator&hl=en&gl=za&num=20&pws=0
2026-10-06 10:59:32,481 [INFO] SERP loaded.
2026-10-06 10:59:32,483 [INFO] SERP candidates found (H3): 8
2026-10-06 10:59:37,764 [INFO] Rank 1 | trongsa.gov.bt | AI Mode reply for Aviator
2026-10-06 10:59:37,810 [INFO] Rank 2 | play.google.com | Aviator Game – Apps on Google Play
2026-10-06 10:59:40,935 [INFO] Rank 3 | booking.com | Aviator's Nest, Kempton Park (updated prices 2026)
2026-10-06 10:59:41,987 [INFO] Rank 4 | dynalogsa.co.za | The rise of aviator by Spribe: Why this game is a must-try ...
2026-10-06 10:59:42,629 [INFO] Rank 5 | takealot.com | An Aviator At Heart | Shop Today. Get it Tomorrow!
2026-10-06 10:59:44,627 [INFO] Rank 6 | truworths.co.za | Navy Side Shield Metal Trim Aviator (3254886)
2026-10-06 10:59:45,536 [INFO] Rank 7 | mg.co.za | The Mail & Guardian | Africa's Better Future
2026-10-06 10:59:45,536 [INFO] SERP extraction complete: 7/10 organic results
2026-10-06 10:59:45,559 [INFO] Updated 7 SERP rows for 2026-10-06 at 10:00
2026-10-06 10:59:45,585 [WARNING] Excel file is locked; retrying save (1/5)...
2026-10-06 10:59:47,098 [INFO] Excel workbook saved: C:\Users\santhm\Desktop\SERP_Monitor\SERP_Monitor\scripts\aviator_rankings.xlsx
2026-10-06 10:59:47,286 [INFO] Browser closed.
2026-10-06 13:25:57,804 [INFO] ============================================================
2026-10-06 13:25:57,805 [INFO] Run start: 2026-10-06T13:25:57.804962+02:00 | keyword=Aviator
2026-10-06 13:25:57,805 [INFO] Starting Playwright with dedicated SERP Chrome profile: C:\Users\santhm\Desktop\SERP_Monitor\SERP_Monitor\scripts\serp_chrome_profile_aviator
2026-10-06 13:25:57,805 [INFO] Headless mode: False
2026-10-06 13:25:59,000 [INFO] Persistent Chrome context ready.
2026-10-06 13:25:59,026 [INFO] GET https://www.google.com/search?q=Aviator&hl=en&gl=za&num=20&pws=0
2026-10-06 13:26:02,708 [INFO] SERP loaded.
2026-10-06 13:26:02,712 [INFO] SERP candidates found (H3): 10
2026-10-06 13:26:03,702 [INFO] Rank 1 | hollywoodbets.net | Play Aviator | Aviator Game | Hollywoodbets SA
2026-10-06 13:26:04,498 [INFO] Rank 2 | betway.co.za | Play Aviator and reach for the sky | Betway Sports betting
2026-10-06 13:26:05,807 [INFO] Rank 3 | 10bet.co.za | Play Aviator Game Online | Crash Game by Spribe
2026-10-06 13:26:06,445 [INFO] Rank 4 | betway.co.za | Play Online Casino Games - Register ...
2026-10-06 13:26:06,490 [INFO] Rank 5 | play.google.com | Aviator – Apps on Google Play
2026-10-06 13:26:08,074 [INFO] Rank 6 | livescore.com | How to Play Aviator on Betway 2026: Get 10 Free Flights
2026-10-06 13:26:11,788 [INFO] Rank 7 | netflix.com | Watch The Aviator
2026-10-06 13:26:12,874 [INFO] Rank 8 | spribe.co | Aviator
2026-10-06 13:26:15,549 [INFO] Rank 9 | gmhcollege.org.in | Aviator Game Online - Play in India [Official Website]
2026-10-06 13:26:16,470 [INFO] Rank 10 | supersportbet.com | Crash Casino Games | Aviator 50 Free Bets
2026-10-06 13:26:16,471 [INFO] SERP extraction complete: 10/10 organic results
2026-10-06 13:26:16,493 [INFO] Updated 10 SERP rows for 2026-10-06 at 13:00
2026-10-06 13:26:16,524 [INFO] Excel workbook saved: C:\Users\santhm\Desktop\SERP_Monitor\SERP_Monitor\scripts\aviator_rankings.xlsx
2026-10-06 13:26:16,875 [INFO] Browser closed.
2026-10-06 13:27:08,979 [INFO] ============================================================
2026-10-06 13:27:08,979 [INFO] Run start: 2026-10-06T13:27:08.979653+02:00 | keyword=Aviator
2026-10-06 13:27:08,980 [INFO] Starting Playwright with dedicated SERP Chrome profile: C:\Users\santhm\Desktop\SERP_Monitor\SERP_Monitor\scripts\serp_chrome_profile_aviator
2026-10-06 13:27:08,980 [INFO] Headless mode: False
2026-10-06 13:27:09,809 [INFO] Persistent Chrome context ready.
2026-10-06 13:27:09,831 [INFO] GET https://www.google.com/search?q=Aviator&hl=en&gl=za&num=20&pws=0
2026-10-06 13:27:15,097 [INFO] SERP loaded.
2026-10-06 13:27:15,100 [INFO] SERP candidates found (H3): 10
2026-10-06 13:27:15,570 [INFO] Rank 1 | hollywoodbets.net | Play Aviator | Aviator Game | Hollywoodbets SA
2026-10-06 13:27:16,282 [INFO] Rank 2 | betway.co.za | Play Aviator and reach for the sky | Betway Sports betting
2026-10-06 13:27:18,103 [INFO] Rank 3 | 10bet.co.za | Play Aviator Game Online | Crash Game by Spribe
2026-10-06 13:27:18,745 [INFO] Rank 4 | betway.co.za | Play Online Casino Games - Register ...
2026-10-06 13:27:18,786 [INFO] Rank 5 | play.google.com | Aviator – Apps on Google Play
2026-10-06 13:27:19,200 [INFO] Rank 6 | livescore.com | How to Play Aviator on Betway 2026: Get 10 Free Flights
2026-10-06 13:27:22,499 [INFO] Rank 7 | netflix.com | Watch The Aviator
2026-10-06 13:27:23,482 [INFO] Rank 8 | spribe.co | Aviator
2026-10-06 13:27:27,082 [INFO] Rank 9 | gmhcollege.org.in | Aviator Game Online - Play in India [Official Website]
2026-10-06 13:27:27,999 [INFO] Rank 10 | supersportbet.com | Crash Casino Games | Aviator 50 Free Bets
2026-10-06 13:27:27,999 [INFO] SERP extraction complete: 10/10 organic results
2026-10-06 13:27:28,021 [INFO] Updated 10 SERP rows for 2026-10-06 at 13:00
2026-10-06 13:27:28,063 [WARNING] Excel file is locked; retrying save (1/5)...
2026-10-06 13:27:29,581 [INFO] Excel workbook saved: C:\Users\santhm\Desktop\SERP_Monitor\SERP_Monitor\scripts\aviator_rankings.xlsx
2026-10-06 13:27:29,759 [INFO] Browser closed.
2026-10-06 13:33:43,264 [INFO] ============================================================
2026-10-06 13:33:43,264 [INFO] Run start: 2026-10-06T13:33:43.264154+02:00 | keyword=Aviator
2026-10-06 13:33:43,264 [INFO] Starting Playwright with dedicated SERP Chrome profile: C:\Users\santhm\Desktop\SERP_Monitor\SERP_Monitor\scripts\serp_chrome_profile_aviator
2026-10-06 13:33:43,264 [INFO] Headless mode: False
2026-10-06 13:33:44,277 [INFO] Persistent Chrome context ready.
2026-10-06 13:33:44,314 [INFO] GET https://www.google.com/search?q=Aviator&hl=en&gl=za&num=20&pws=0
2026-10-06 13:33:48,220 [INFO] SERP loaded.
2026-10-06 13:33:48,223 [INFO] SERP candidates found (H3): 10
2026-10-06 13:33:48,710 [INFO] Rank 1 | hollywoodbets.net | Play Aviator | Aviator Game | Hollywoodbets SA
2026-10-06 13:33:49,643 [INFO] Rank 2 | betway.co.za | Play Online Casino Games - Register ...
2026-10-06 13:33:50,928 [INFO] Rank 3 | 10bet.co.za | Play Aviator Game Online | Crash Game by Spribe
2026-10-06 13:33:51,603 [INFO] Rank 4 | betway.co.za | Play Aviator and reach for the sky | Betway Sports betting
2026-10-06 13:33:52,688 [INFO] Rank 5 | merriam-webster.com | AVIATOR Definition & Meaning
2026-10-06 13:33:53,116 [INFO] Rank 6 | livescore.com | How to Play Aviator on Betway 2026: Get 10 Free Flights
2026-10-06 13:33:55,624 [INFO] Rank 7 | aviator.aero | AVIATOR | Airline Market Intelligence
2026-10-06 13:33:56,845 [INFO] Rank 8 | spribe.co | Aviator
2026-10-06 13:33:59,262 [INFO] Rank 9 | aviator.co | Aviator — Ship AI-generated code at velocity you trust
2026-10-06 13:34:01,576 [INFO] Rank 10 | dictionary.cambridge.org | AVIATOR | English meaning - Cambridge Dictionary
2026-10-06 13:34:01,576 [INFO] SERP extraction complete: 10/10 organic results
2026-10-06 13:34:01,594 [INFO] Updated 10 SERP rows for 2026-10-06 at 13:00
2026-10-06 13:34:01,620 [INFO] Excel workbook saved: C:\Users\santhm\Desktop\SERP_Monitor\SERP_Monitor\scripts\aviator_rankings.xlsx
2026-10-06 13:34:01,940 [INFO] Browser closed.
2026-10-06 13:39:58,030 [INFO] ============================================================
2026-10-06 13:39:58,030 [INFO] Run start: 2026-10-06T13:39:58.030035+02:00 | keyword=Aviator
2026-10-06 13:39:58,030 [INFO] Starting Playwright with dedicated SERP Chrome profile: C:\Users\santhm\Desktop\SERP_Monitor\SERP_Monitor\scripts\serp_chrome_profile_aviator
2026-10-06 13:39:58,030 [INFO] Headless mode: False
2026-10-06 13:39:58,797 [INFO] Persistent Chrome context ready.
2026-10-06 13:39:58,856 [INFO] GET https://www.google.com/search?q=Aviator&hl=en&gl=za&num=20&pws=0
2026-10-06 13:40:03,356 [INFO] SERP loaded.
2026-10-06 13:40:03,358 [INFO] SERP candidates found (H3): 10
2026-10-06 13:40:03,788 [INFO] Rank 1 | hollywoodbets.net | Play Aviator | Aviator Game | Hollywoodbets SA
2026-10-06 13:40:04,462 [INFO] Rank 2 | betway.co.za | Play Aviator and reach for the sky | Betway Sports betting
2026-10-06 13:40:04,513 [INFO] Rank 3 | play.google.com | Aviator – Apps on Google Play
2026-10-06 13:40:05,142 [INFO] Rank 4 | betway.co.za | Play Online Casino Games - Register ...
2026-10-06 13:40:06,223 [INFO] Rank 5 | 10bet.co.za | Play Aviator Game Online | Crash Game by Spribe
2026-10-06 13:40:06,626 [INFO] Rank 6 | livescore.com | How to Play Aviator on Betway 2026: Get 10 Free Flights
2026-10-06 13:40:07,629 [INFO] Rank 7 | spribe.co | Aviator
2026-10-06 13:40:10,959 [INFO] Rank 8 | netflix.com | Watch The Aviator
2026-10-06 13:40:11,563 [INFO] Rank 9 | supersportbet.com | Crash Casino Games | Aviator 50 Free Bets
2026-10-06 13:40:12,971 [INFO] Rank 10 | betway.co.za | Play Aviator | Register and Get 10 Free Flights
2026-10-06 13:40:12,971 [INFO] SERP extraction complete: 10/10 organic results
2026-10-06 13:40:12,988 [INFO] Updated 10 SERP rows for 2026-10-06 at 13:00
2026-10-06 13:40:13,013 [INFO] Excel workbook saved: C:\Users\santhm\Desktop\SERP_Monitor\SERP_Monitor\scripts\aviator_rankings.xlsx
2026-10-06 13:40:13,220 [INFO] Browser closed.
2026-10-06 13:40:52,359 [INFO] ============================================================
2026-10-06 13:40:52,360 [INFO] Run start: 2026-10-06T13:40:52.359815+02:00 | keyword=Aviator
2026-10-06 13:40:52,360 [INFO] Starting Playwright with dedicated SERP Chrome profile: C:\Users\santhm\Desktop\SERP_Monitor\SERP_Monitor\scripts\serp_chrome_profile_aviator
2026-10-06 13:40:52,360 [INFO] Headless mode: False
2026-10-06 13:40:52,981 [INFO] Persistent Chrome context ready.
2026-10-06 13:40:53,047 [INFO] GET https://www.google.com/search?q=Aviator&hl=en&gl=za&num=20&pws=0
2026-10-06 13:40:57,312 [INFO] SERP loaded.
2026-10-06 13:40:57,314 [INFO] SERP candidates found (H3): 10
2026-10-06 13:40:57,738 [INFO] Rank 1 | hollywoodbets.net | Play Aviator | Aviator Game | Hollywoodbets SA
2026-10-06 13:40:58,568 [INFO] Rank 2 | betway.co.za | Play Aviator and reach for the sky | Betway Sports betting
2026-10-06 13:40:59,225 [INFO] Rank 3 | betway.co.za | Play Online Casino Games - Register ...
2026-10-06 13:40:59,256 [INFO] Rank 4 | play.google.com | Aviator – Apps on Google Play
2026-10-06 13:41:00,473 [INFO] Rank 5 | 10bet.co.za | Play Aviator Game Online | Crash Game by Spribe
2026-10-06 13:41:00,884 [INFO] Rank 6 | livescore.com | How to Play Aviator on Betway 2026: Get 10 Free Flights
2026-10-06 13:41:02,876 [INFO] Rank 7 | en.wikipedia.org | Aircraft pilot
2026-10-06 13:41:03,910 [INFO] Rank 8 | betway.co.za | Play Aviator | Register and Get 10 Free Flights
2026-10-06 13:41:07,875 [INFO] Rank 9 | netflix.com | Watch The Aviator
2026-10-06 13:41:12,151 [INFO] Rank 10 | spribe.co | Aviator
2026-10-06 13:41:12,151 [INFO] SERP extraction complete: 10/10 organic results
2026-10-06 13:41:12,171 [INFO] Updated 10 SERP rows for 2026-10-06 at 13:00
2026-10-06 13:41:12,195 [WARNING] Excel file is locked; retrying save (1/5)...
2026-10-06 13:41:13,709 [INFO] Excel workbook saved: C:\Users\santhm\Desktop\SERP_Monitor\SERP_Monitor\scripts\aviator_rankings.xlsx
2026-10-06 13:41:13,920 [INFO] Browser closed.
2026-10-06 13:43:22,040 [INFO] ============================================================
2026-10-06 13:43:22,041 [INFO] Run start: 2026-10-06T13:43:22.040885+02:00 | keyword=Aviator
2026-10-06 13:43:22,041 [INFO] Starting Playwright with dedicated SERP Chrome profile: C:\Users\santhm\Desktop\SERP_Monitor\SERP_Monitor\scripts\serp_chrome_profile_aviator
2026-10-06 13:43:22,041 [INFO] Headless mode: False
2026-10-06 13:43:22,716 [INFO] Persistent Chrome context ready.
2026-10-06 13:43:22,773 [INFO] GET https://www.google.com/search?q=Aviator&hl=en&gl=za&num=20&pws=0
2026-10-06 13:43:26,454 [INFO] SERP loaded.
2026-10-06 13:43:26,457 [INFO] SERP candidates found (H3): 10
2026-10-06 13:43:26,937 [INFO] Rank 1 | hollywoodbets.net | Play Aviator | Aviator Game | Hollywoodbets SA
2026-10-06 13:43:27,609 [INFO] Rank 2 | betway.co.za | Play Aviator and reach for the sky | Betway Sports betting
2026-10-06 13:43:28,276 [INFO] Rank 3 | betway.co.za | Play Online Casino Games - Register ...
2026-10-06 13:43:28,324 [INFO] Rank 4 | play.google.com | Aviator – Apps on Google Play
2026-10-06 13:43:29,538 [INFO] Rank 5 | 10bet.co.za | Play Aviator Game Online | Crash Game by Spribe
2026-10-06 13:43:29,962 [INFO] Rank 6 | livescore.com | How to Play Aviator on Betway 2026: Get 10 Free Flights
2026-10-06 13:43:31,460 [INFO] Rank 7 | en.wikipedia.org | Aircraft pilot
2026-10-06 13:43:32,192 [INFO] Rank 8 | betway.co.za | Play Aviator | Register and Get 10 Free Flights
2026-10-06 13:43:35,636 [INFO] Rank 9 | netflix.com | Watch The Aviator
2026-10-06 13:43:36,702 [INFO] Rank 10 | spribe.co | Aviator
2026-10-06 13:43:36,702 [INFO] SERP extraction complete: 10/10 organic results
2026-10-06 13:43:36,724 [INFO] Updated 10 SERP rows for 2026-10-06 at 13:00
2026-10-06 13:43:36,752 [INFO] Excel workbook saved: C:\Users\santhm\Desktop\SERP_Monitor\SERP_Monitor\scripts\aviator_rankings.xlsx
2026-10-06 13:43:36,958 [INFO] Browser closed.
2026-10-06 14:00:04,586 [INFO] ============================================================
2026-10-06 14:00:04,586 [INFO] Run start: 2026-10-06T14:00:04.586028+02:00 | keyword=Aviator
2026-10-06 14:00:04,586 [INFO] Starting Playwright with dedicated SERP Chrome profile: C:\Users\santhm\Desktop\SERP_Monitor\SERP_Monitor\scripts\serp_chrome_profile_aviator
2026-10-06 14:00:04,586 [INFO] Headless mode: False
2026-10-06 14:00:05,242 [INFO] Persistent Chrome context ready.
2026-10-06 14:00:05,312 [INFO] GET https://www.google.com/search?q=Aviator&hl=en&gl=za&num=20&pws=0
2026-10-06 14:00:09,209 [INFO] SERP loaded.
2026-10-06 14:00:09,212 [INFO] SERP candidates found (H3): 10
2026-10-06 14:00:09,676 [INFO] Rank 1 | hollywoodbets.net | Play Aviator | Aviator Game | Hollywoodbets SA
2026-10-06 14:00:10,389 [INFO] Rank 2 | betway.co.za | Play Aviator and reach for the sky | Betway Sports betting
2026-10-06 14:00:11,012 [INFO] Rank 3 | betway.co.za | Play Online Casino Games - Register ...
2026-10-06 14:00:11,060 [INFO] Rank 4 | play.google.com | Aviator – Apps on Google Play
2026-10-06 14:00:12,310 [INFO] Rank 5 | 10bet.co.za | Play Aviator Game Online | Crash Game by Spribe
2026-10-06 14:00:13,407 [INFO] Rank 6 | livescore.com | How to Play Aviator on Betway 2026: Get 10 Free Flights
2026-10-06 14:00:15,326 [INFO] Rank 7 | en.wikipedia.org | Aircraft pilot
2026-10-06 14:00:16,551 [INFO] Rank 8 | betway.co.za | Play Aviator | Register and Get 10 Free Flights
2026-10-06 14:00:20,787 [INFO] Rank 9 | netflix.com | Watch The Aviator
2026-10-06 14:00:21,906 [INFO] Rank 10 | spribe.co | Aviator
2026-10-06 14:00:21,906 [INFO] SERP extraction complete: 10/10 organic results
2026-10-06 14:00:21,927 [INFO] Updated 10 SERP rows for 2026-10-06 at 14:00
2026-10-06 14:00:21,954 [INFO] Excel workbook saved: C:\Users\santhm\Desktop\SERP_Monitor\SERP_Monitor\scripts\aviator_rankings.xlsx
2026-10-06 14:00:22,222 [INFO] Browser closed.
2026-10-06 15:00:02,329 [INFO] ============================================================
2026-10-06 15:00:02,329 [INFO] Run start: 2026-10-06T15:00:02.329707+02:00 | keyword=Aviator
2026-10-06 15:00:02,330 [INFO] Starting Playwright with dedicated SERP Chrome profile: C:\Users\santhm\Desktop\SERP_Monitor\SERP_Monitor\scripts\serp_chrome_profile_aviator
2026-10-06 15:00:02,330 [INFO] Headless mode: False
2026-10-06 15:00:03,268 [INFO] Persistent Chrome context ready.
2026-10-06 15:00:03,308 [INFO] GET https://www.google.com/search?q=Aviator&hl=en&gl=za&num=20&pws=0
2026-10-06 15:00:07,059 [INFO] SERP loaded.
2026-10-06 15:00:07,061 [INFO] SERP candidates found (H3): 11
2026-10-06 15:00:07,466 [INFO] Rank 1 | hollywoodbets.net | Play Aviator | Aviator Game | Hollywoodbets SA
2026-10-06 15:00:08,236 [INFO] Rank 2 | betway.co.za | Play Aviator and reach for the sky | Betway Sports betting
2026-10-06 15:00:08,270 [INFO] Rank 3 | play.google.com | Aviator – Apps on Google Play
2026-10-06 15:00:08,871 [INFO] Rank 4 | betway.co.za | Play Online Casino Games - Register ...
2026-10-06 15:00:10,003 [INFO] Rank 5 | merriam-webster.com | AI Mode replied:
2026-10-06 15:00:11,076 [INFO] Rank 6 | 10bet.co.za | Play Aviator Game Online | Crash Game by Spribe
2026-10-06 15:00:12,299 [INFO] Rank 7 | livescore.com | How to Play Aviator on Betway 2026: Get 10 Free Flights
2026-10-06 15:00:16,565 [INFO] Rank 8 | netflix.com | Watch The Aviator
2026-10-06 15:00:17,557 [INFO] Rank 9 | spribe.co | Aviator
2026-10-06 15:00:18,260 [INFO] Rank 10 | supersportbet.com | Crash Casino Games | Aviator 50 Free Bets
2026-10-06 15:00:18,260 [INFO] SERP extraction complete: 10/10 organic results
2026-10-06 15:00:18,280 [INFO] Updated 10 SERP rows for 2026-10-06 at 15:00
2026-10-06 15:00:18,307 [INFO] Excel workbook saved: C:\Users\santhm\Desktop\SERP_Monitor\SERP_Monitor\scripts\aviator_rankings.xlsx
2026-10-06 15:00:18,543 [INFO] Browser closed.
2026-10-06 15:04:07,220 [INFO] ============================================================
2026-10-06 15:04:07,220 [INFO] Run start: 2026-10-06T15:04:07.220320+02:00 | keyword=Aviator
2026-10-06 15:04:07,220 [INFO] Starting Playwright with dedicated SERP Chrome profile: C:\Users\santhm\Desktop\SERP_Monitor\SERP_Monitor\scripts\serp_chrome_profile_aviator
2026-10-06 15:04:07,220 [INFO] Headless mode: False
2026-10-06 15:04:07,919 [INFO] Persistent Chrome context ready.
2026-10-06 15:04:07,971 [INFO] GET https://www.google.com/search?q=Aviator&hl=en&gl=za&num=20&pws=0
2026-10-06 15:04:11,850 [INFO] SERP loaded.
2026-10-06 15:04:11,853 [INFO] SERP candidates found (H3): 11
2026-10-06 15:04:12,263 [INFO] Rank 1 | hollywoodbets.net | Play Aviator | Aviator Game | Hollywoodbets SA
2026-10-06 15:04:12,946 [INFO] Rank 2 | betway.co.za | Play Aviator and reach for the sky | Betway Sports betting
2026-10-06 15:04:12,990 [INFO] Rank 3 | play.google.com | Aviator – Apps on Google Play
2026-10-06 15:04:13,621 [INFO] Rank 4 | betway.co.za | Play Online Casino Games - Register ...
2026-10-06 15:04:14,117 [INFO] Rank 5 | merriam-webster.com | AI Mode replied:
2026-10-06 15:04:15,866 [INFO] Rank 6 | 10bet.co.za | Play Aviator Game Online | Crash Game by Spribe
2026-10-06 15:04:16,292 [INFO] Rank 7 | livescore.com | How to Play Aviator on Betway 2026: Get 10 Free Flights
2026-10-06 15:04:20,795 [INFO] Rank 8 | netflix.com | Watch The Aviator
2026-10-06 15:04:22,352 [INFO] Rank 9 | spribe.co | Aviator
2026-10-06 15:04:22,956 [INFO] Rank 10 | supersportbet.com | Crash Casino Games | Aviator 50 Free Bets
2026-10-06 15:04:22,956 [INFO] SERP extraction complete: 10/10 organic results
2026-10-06 15:04:22,976 [INFO] Updated 10 SERP rows for 2026-10-06 at 15:00
2026-10-06 15:04:23,003 [WARNING] Excel file is locked; retrying save (1/5)...
2026-10-06 15:04:24,525 [INFO] Excel workbook saved: C:\Users\santhm\Desktop\SERP_Monitor\SERP_Monitor\scripts\aviator_rankings.xlsx
2026-10-06 15:04:24,751 [INFO] Browser closed.
2026-10-06 15:36:34,518 [INFO] ============================================================
2026-10-06 15:36:34,518 [INFO] Run start: 2026-10-06T15:36:34.518261+02:00 | keyword=Aviator
2026-10-06 15:36:34,518 [INFO] Starting Playwright with dedicated SERP Chrome profile: C:\Users\santhm\Desktop\SERP_Monitor\SERP_Monitor\scripts\serp_chrome_profile_aviator
2026-10-06 15:36:34,518 [INFO] Headless mode: False
2026-10-06 15:36:35,201 [INFO] Persistent Chrome context ready.
2026-10-06 15:36:35,279 [INFO] GET https://www.google.com/search?q=Aviator&hl=en&gl=za&num=20&pws=0
2026-10-06 15:36:39,109 [INFO] SERP loaded.
2026-10-06 15:36:39,112 [INFO] SERP candidates found (H3): 11
2026-10-06 15:36:39,832 [INFO] Rank 1 | hollywoodbets.net | Play Aviator | Aviator Game | Hollywoodbets SA
2026-10-06 15:36:40,558 [INFO] Rank 2 | betway.co.za | Play Online Casino Games - Register ...
2026-10-06 15:36:41,737 [INFO] Rank 3 | merriam-webster.com | AI Mode replied:
2026-10-06 15:36:42,373 [INFO] Rank 4 | betway.co.za | Play Aviator and reach for the sky | Betway Sports betting
2026-10-06 15:36:42,417 [INFO] Rank 5 | play.google.com | Aviator – Apps on Google Play
2026-10-06 15:36:43,687 [INFO] Rank 6 | 10bet.co.za | Play Aviator Game Online | Crash Game by Spribe
2026-10-06 15:36:45,063 [INFO] Rank 7 | livescore.com | How to Play Aviator on Betway 2026: Get 10 Free Flights
2026-10-06 15:36:49,052 [INFO] Rank 8 | netflix.com | Watch The Aviator
2026-10-06 15:36:50,485 [INFO] Rank 9 | lottostar.co.za | Aviator | Quick Games
2026-10-06 15:36:51,245 [INFO] Rank 10 | spribe.co | Aviator
2026-10-06 15:36:51,246 [INFO] SERP extraction complete: 10/10 organic results
2026-10-06 15:36:51,261 [INFO] Updated 10 SERP rows for 2026-10-06 at 15:00
2026-10-06 15:36:51,291 [INFO] Excel workbook saved: C:\Users\santhm\Desktop\SERP_Monitor\SERP_Monitor\scripts\aviator_rankings.xlsx
2026-10-06 15:36:51,641 [INFO] Browser closed.
2026-10-06 16:00:03,380 [INFO] ============================================================
2026-10-06 16:00:03,381 [INFO] Run start: 2026-10-06T16:00:03.380396+02:00 | keyword=Aviator
2026-10-06 16:00:03,382 [INFO] Starting Playwright with dedicated SERP Chrome profile: C:\Users\santhm\Desktop\SERP_Monitor\SERP_Monitor\scripts\serp_chrome_profile_aviator
2026-10-06 16:00:03,382 [INFO] Headless mode: False
2026-10-06 16:00:04,296 [INFO] Persistent Chrome context ready.
2026-10-06 16:00:04,334 [INFO] GET https://www.google.com/search?q=Aviator&hl=en&gl=za&num=20&pws=0
2026-10-06 16:00:08,023 [INFO] SERP loaded.
2026-10-06 16:00:08,026 [INFO] SERP candidates found (H3): 11
2026-10-06 16:00:08,544 [INFO] Rank 1 | hollywoodbets.net | Play Aviator | Aviator Game | Hollywoodbets SA
2026-10-06 16:00:09,226 [INFO] Rank 2 | betway.co.za | Play Online Casino Games - Register ...
2026-10-06 16:00:10,385 [INFO] Rank 3 | merriam-webster.com | AI Mode replied:
2026-10-06 16:00:11,677 [INFO] Rank 4 | 10bet.co.za | Play Aviator Game Online | Crash Game by Spribe
2026-10-06 16:00:12,359 [INFO] Rank 5 | betway.co.za | Play Aviator and reach for the sky | Betway Sports betting
2026-10-06 16:00:13,268 [INFO] Rank 6 | livescore.com | How to Play Aviator on Betway 2026: Get 10 Free Flights
2026-10-06 16:00:14,288 [INFO] Rank 7 | spribe.co | Aviator
2026-10-06 16:00:17,859 [INFO] Rank 8 | aviator.aero | AVIATOR | Airline Market Intelligence
2026-10-06 16:00:20,254 [INFO] Rank 9 | aviator.co | Aviator — Ship AI-generated code at velocity you trust
2026-10-06 16:00:22,776 [INFO] Rank 10 | youtube.com | Betway Aviator - Picking up a Quick Big Win
2026-10-06 16:00:22,776 [INFO] SERP extraction complete: 10/10 organic results
2026-10-06 16:00:22,789 [INFO] Updated 10 SERP rows for 2026-10-06 at 16:00
2026-10-06 16:00:22,813 [INFO] Excel workbook saved: C:\Users\santhm\Desktop\SERP_Monitor\SERP_Monitor\scripts\aviator_rankings.xlsx
2026-10-06 16:00:23,090 [INFO] Browser closed.
2026-10-06 17:00:04,595 [INFO] ============================================================
2026-10-06 17:00:04,595 [INFO] Run start: 2026-10-06T17:00:04.595197+02:00 | keyword=Aviator
2026-10-06 17:00:04,595 [INFO] Starting Playwright with dedicated SERP Chrome profile: C:\Users\santhm\Desktop\SERP_Monitor\SERP_Monitor\scripts\serp_chrome_profile_aviator
2026-10-06 17:00:04,596 [INFO] Headless mode: False
2026-10-06 17:00:05,525 [INFO] Persistent Chrome context ready.
2026-10-06 17:00:05,564 [INFO] GET https://www.google.com/search?q=Aviator&hl=en&gl=za&num=20&pws=0
2026-10-06 17:00:09,268 [INFO] SERP loaded.
2026-10-06 17:00:09,270 [INFO] SERP candidates found (H3): 11
2026-10-06 17:00:09,852 [INFO] Rank 1 | hollywoodbets.net | Play Aviator | Aviator Game | Hollywoodbets SA
2026-10-06 17:00:10,528 [INFO] Rank 2 | betway.co.za | Play Online Casino Games - Register ...
2026-10-06 17:00:11,171 [INFO] Rank 3 | betway.co.za | Play Aviator and reach for the sky | Betway Sports betting
2026-10-06 17:00:13,059 [INFO] Rank 4 | merriam-webster.com | AI Mode replied:
2026-10-06 17:00:13,095 [INFO] Rank 5 | play.google.com | Aviator – Apps on Google Play
2026-10-06 17:00:14,975 [INFO] Rank 6 | 10bet.co.za | Play Aviator Game Online | Crash Game by Spribe
2026-10-06 17:00:15,577 [INFO] Rank 7 | livescore.com | How to Play Aviator on Betway 2026: Get 10 Free Flights
2026-10-06 17:00:19,547 [INFO] Rank 8 | netflix.com | Watch The Aviator
2026-10-06 17:00:20,854 [INFO] Rank 9 | spribe.co | Aviator
2026-10-06 17:00:21,453 [INFO] Rank 10 | supersportbet.com | Crash Casino Games | Aviator 50 Free Bets
2026-10-06 17:00:21,453 [INFO] SERP extraction complete: 10/10 organic results
2026-10-06 17:00:21,470 [INFO] Updated 10 SERP rows for 2026-10-06 at 17:00
2026-10-06 17:00:21,494 [INFO] Excel workbook saved: C:\Users\santhm\Desktop\SERP_Monitor\SERP_Monitor\scripts\aviator_rankings.xlsx
2026-10-06 17:00:21,713 [INFO] Browser closed.
2026-10-06 18:00:05,460 [INFO] ============================================================
2026-10-06 18:00:05,460 [INFO] Run start: 2026-10-06T18:00:05.460712+02:00 | keyword=Aviator
2026-10-06 18:00:05,461 [INFO] Starting Playwright with dedicated SERP Chrome profile: C:\Users\santhm\Desktop\SERP_Monitor\SERP_Monitor\scripts\serp_chrome_profile_aviator
2026-10-06 18:00:05,461 [INFO] Headless mode: False
2026-10-06 18:00:06,322 [INFO] Persistent Chrome context ready.
2026-10-06 18:00:06,384 [INFO] GET https://www.google.com/search?q=Aviator&hl=en&gl=za&num=20&pws=0
2026-10-06 18:00:10,720 [INFO] SERP loaded.
2026-10-06 18:00:10,723 [INFO] SERP candidates found (H3): 10
2026-10-06 18:00:11,123 [INFO] Rank 1 | hollywoodbets.net | Play Aviator | Aviator Game | Hollywoodbets SA
2026-10-06 18:00:11,784 [INFO] Rank 2 | betway.co.za | Play Online Casino Games - Register ...
2026-10-06 18:00:11,820 [INFO] Rank 3 | play.google.com | Aviator – Apps on Google Play
2026-10-06 18:00:12,465 [INFO] Rank 4 | betway.co.za | Play Aviator and reach for the sky | Betway Sports betting
2026-10-06 18:00:14,166 [INFO] Rank 5 | 10bet.co.za | Play Aviator Game Online | Crash Game by Spribe
2026-10-06 18:00:15,507 [INFO] Rank 6 | livescore.com | How to Play Aviator on Betway 2026: Get 10 Free Flights
2026-10-06 18:00:16,324 [INFO] Rank 7 | lottostar.co.za | Aviator | Quick Games
2026-10-06 18:00:21,038 [INFO] Rank 8 | app.aviator.co | Login - Aviator
2026-10-06 18:00:22,011 [INFO] Rank 9 | spribe.co | Aviator
2026-10-06 18:00:23,026 [INFO] Rank 10 | merriam-webster.com | AVIATOR Definition & Meaning
2026-10-06 18:00:23,026 [INFO] SERP extraction complete: 10/10 organic results
2026-10-06 18:00:23,043 [INFO] Updated 10 SERP rows for 2026-10-06 at 18:00
2026-10-06 18:00:23,068 [INFO] Excel workbook saved: C:\Users\santhm\Desktop\SERP_Monitor\SERP_Monitor\scripts\aviator_rankings.xlsx
2026-10-06 18:00:23,384 [INFO] Browser closed.
2026-10-06 19:00:04,620 [INFO] ============================================================
2026-10-06 19:00:04,620 [INFO] Run start: 2026-10-06T19:00:04.620603+02:00 | keyword=Aviator
2026-10-06 19:00:04,621 [INFO] Starting Playwright with dedicated SERP Chrome profile: C:\Users\santhm\Desktop\SERP_Monitor\SERP_Monitor\scripts\serp_chrome_profile_aviator
2026-10-06 19:00:04,621 [INFO] Headless mode: False
2026-10-06 19:00:05,478 [INFO] Persistent Chrome context ready.
2026-10-06 19:00:05,539 [INFO] GET https://www.google.com/search?q=Aviator&hl=en&gl=za&num=20&pws=0
2026-10-06 19:00:09,645 [INFO] SERP loaded.
2026-10-06 19:00:09,649 [INFO] SERP candidates found (H3): 10
2026-10-06 19:00:10,064 [INFO] Rank 1 | hollywoodbets.net | Play Aviator | Aviator Game | Hollywoodbets SA
2026-10-06 19:00:10,752 [INFO] Rank 2 | betway.co.za | Play Aviator and reach for the sky | Betway Sports betting
2026-10-06 19:00:10,786 [INFO] Rank 3 | play.google.com | Aviator – Apps on Google Play
2026-10-06 19:00:11,457 [INFO] Rank 4 | betway.co.za | Play Online Casino Games - Register ...
2026-10-06 19:00:12,500 [INFO] Rank 5 | 10bet.co.za | Play Aviator Game Online | Crash Game by Spribe
2026-10-06 19:00:13,225 [INFO] Rank 6 | livescore.com | How to Play Aviator on Betway 2026: Get 10 Free Flights
2026-10-06 19:00:15,720 [INFO] Rank 7 | app.aviator.co | Login - Aviator
2026-10-06 19:00:16,463 [INFO] Rank 8 | spribe.co | Aviator
2026-10-06 19:00:17,050 [INFO] Rank 9 | lottostar.co.za | Aviator | Quick Games
2026-10-06 19:00:18,080 [INFO] Rank 10 | merriam-webster.com | AVIATOR Definition & Meaning
2026-10-06 19:00:18,080 [INFO] SERP extraction complete: 10/10 organic results
2026-10-06 19:00:18,096 [INFO] Updated 10 SERP rows for 2026-10-06 at 19:00
2026-10-06 19:00:18,120 [WARNING] Excel file is locked; retrying save (1/5)...
2026-10-06 19:00:19,632 [INFO] Excel workbook saved: C:\Users\santhm\Desktop\SERP_Monitor\SERP_Monitor\scripts\aviator_rankings.xlsx
2026-10-06 19:00:19,906 [INFO] Browser closed.
2026-10-06 20:00:02,250 [INFO] ============================================================
2026-10-06 20:00:02,250 [INFO] Run start: 2026-10-06T20:00:02.250160+02:00 | keyword=Aviator
2026-10-06 20:00:02,250 [INFO] Starting Playwright with dedicated SERP Chrome profile: C:\Users\santhm\Desktop\SERP_Monitor\SERP_Monitor\scripts\serp_chrome_profile_aviator
2026-10-06 20:00:02,251 [INFO] Headless mode: False
2026-10-06 20:00:03,133 [INFO] Persistent Chrome context ready.
2026-10-06 20:00:03,194 [INFO] GET https://www.google.com/search?q=Aviator&hl=en&gl=za&num=20&pws=0
2026-10-06 20:00:07,338 [INFO] SERP loaded.
2026-10-06 20:00:07,341 [INFO] SERP candidates found (H3): 10
2026-10-06 20:00:07,997 [INFO] Rank 1 | hollywoodbets.net | Play Aviator | Aviator Game | Hollywoodbets SA
2026-10-06 20:00:08,692 [INFO] Rank 2 | betway.co.za | Play Online Casino Games - Register ...
2026-10-06 20:00:09,327 [INFO] Rank 3 | betway.co.za | Play Aviator and reach for the sky | Betway Sports betting
2026-10-06 20:00:09,360 [INFO] Rank 4 | play.google.com | Aviator – Apps on Google Play
2026-10-06 20:00:10,465 [INFO] Rank 5 | 10bet.co.za | Play Aviator Game Online | Crash Game by Spribe
2026-10-06 20:00:11,466 [INFO] Rank 6 | livescore.com | How to Play Aviator on Betway 2026: Get 10 Free Flights
2026-10-06 20:00:12,226 [INFO] Rank 7 | lottostar.co.za | Aviator | Quick Games
2026-10-06 20:00:14,880 [INFO] Rank 8 | app.aviator.co | Login - Aviator
2026-10-06 20:00:15,836 [INFO] Rank 9 | spribe.co | Aviator
2026-10-06 20:00:16,270 [INFO] Rank 10 | merriam-webster.com | AVIATOR Definition & Meaning
2026-10-06 20:00:16,270 [INFO] SERP extraction complete: 10/10 organic results
2026-10-06 20:00:16,287 [INFO] Updated 10 SERP rows for 2026-10-06 at 20:00
2026-10-06 20:00:16,308 [INFO] Excel workbook saved: C:\Users\santhm\Desktop\SERP_Monitor\SERP_Monitor\scripts\aviator_rankings.xlsx
2026-10-06 20:00:16,529 [INFO] Browser closed.
2026-10-06 21:00:03,377 [INFO] ============================================================
2026-10-06 21:00:03,377 [INFO] Run start: 2026-10-06T21:00:03.377434+02:00 | keyword=Aviator
2026-10-06 21:00:03,378 [INFO] Starting Playwright with dedicated SERP Chrome profile: C:\Users\santhm\Desktop\SERP_Monitor\SERP_Monitor\scripts\serp_chrome_profile_aviator
2026-10-06 21:00:03,378 [INFO] Headless mode: False
2026-10-06 21:00:04,257 [INFO] Persistent Chrome context ready.
2026-10-06 21:00:04,320 [INFO] GET https://www.google.com/search?q=Aviator&hl=en&gl=za&num=20&pws=0
2026-10-06 21:00:08,355 [INFO] SERP loaded.
2026-10-06 21:00:08,358 [INFO] SERP candidates found (H3): 10
2026-10-06 21:00:08,917 [INFO] Rank 1 | hollywoodbets.net | Play Aviator | Aviator Game | Hollywoodbets SA
2026-10-06 21:00:09,596 [INFO] Rank 2 | betway.co.za | Play Online Casino Games - Register ...
2026-10-06 21:00:10,223 [INFO] Rank 3 | betway.co.za | Play Aviator and reach for the sky | Betway Sports betting
2026-10-06 21:00:10,260 [INFO] Rank 4 | play.google.com | Aviator – Apps on Google Play
2026-10-06 21:00:12,026 [INFO] Rank 5 | 10bet.co.za | Play Aviator Game Online | Crash Game by Spribe
2026-10-06 21:00:12,765 [INFO] Rank 6 | livescore.com | How to Play Aviator on Betway 2026: Get 10 Free Flights
2026-10-06 21:00:13,310 [INFO] Rank 7 | lottostar.co.za | Aviator | Quick Games
2026-10-06 21:00:16,010 [INFO] Rank 8 | app.aviator.co | Login - Aviator
2026-10-06 21:00:17,023 [INFO] Rank 9 | spribe.co | Aviator
2026-10-06 21:00:18,019 [INFO] Rank 10 | merriam-webster.com | AVIATOR Definition & Meaning
2026-10-06 21:00:18,019 [INFO] SERP extraction complete: 10/10 organic results
2026-10-06 21:00:18,035 [INFO] Updated 10 SERP rows for 2026-10-06 at 21:00
2026-10-06 21:00:18,059 [INFO] Excel workbook saved: C:\Users\santhm\Desktop\SERP_Monitor\SERP_Monitor\scripts\aviator_rankings.xlsx
2026-10-06 21:00:18,292 [INFO] Browser closed.
2026-10-06 22:00:03,840 [INFO] ============================================================
2026-10-06 22:00:03,840 [INFO] Run start: 2026-10-06T22:00:03.840392+02:00 | keyword=Aviator
2026-10-06 22:00:03,841 [INFO] Starting Playwright with dedicated SERP Chrome profile: C:\Users\santhm\Desktop\SERP_Monitor\SERP_Monitor\scripts\serp_chrome_profile_aviator
2026-10-06 22:00:03,841 [INFO] Headless mode: False
2026-10-06 22:00:04,784 [INFO] Persistent Chrome context ready.
2026-10-06 22:00:04,808 [INFO] GET https://www.google.com/search?q=Aviator&hl=en&gl=za&num=20&pws=0
2026-10-06 22:00:09,826 [INFO] SERP loaded.
2026-10-06 22:00:09,828 [INFO] SERP candidates found (H3): 10
2026-10-06 22:00:10,246 [INFO] Rank 1 | hollywoodbets.net | Play Aviator | Aviator Game | Hollywoodbets SA
2026-10-06 22:00:10,933 [INFO] Rank 2 | betway.co.za | Play Online Casino Games - Register ...
2026-10-06 22:00:11,551 [INFO] Rank 3 | betway.co.za | Play Aviator and reach for the sky | Betway Sports betting
2026-10-06 22:00:11,585 [INFO] Rank 4 | play.google.com | Aviator – Apps on Google Play
2026-10-06 22:00:12,594 [INFO] Rank 5 | 10bet.co.za | Play Aviator Game Online | Crash Game by Spribe
2026-10-06 22:00:13,612 [INFO] Rank 6 | livescore.com | How to Play Aviator on Betway 2026: Get 10 Free Flights
2026-10-06 22:00:14,592 [INFO] Rank 7 | spribe.co | Aviator
2026-10-06 22:00:16,906 [INFO] Rank 8 | app.aviator.co | Login - Aviator
2026-10-06 22:00:17,548 [INFO] Rank 9 | lottostar.co.za | Aviator | Quick Games
2026-10-06 22:00:18,565 [INFO] Rank 10 | merriam-webster.com | AVIATOR Definition & Meaning
2026-10-06 22:00:18,565 [INFO] SERP extraction complete: 10/10 organic results
2026-10-06 22:00:18,583 [INFO] Updated 10 SERP rows for 2026-10-06 at 22:00
2026-10-06 22:00:18,608 [WARNING] Excel file is locked; retrying save (1/5)...
2026-10-06 22:00:20,124 [INFO] Excel workbook saved: C:\Users\santhm\Desktop\SERP_Monitor\SERP_Monitor\scripts\aviator_rankings.xlsx
2026-10-06 22:00:20,397 [INFO] Browser closed.
2026-10-06 23:00:03,129 [INFO] ============================================================
2026-10-06 23:00:03,129 [INFO] Run start: 2026-10-06T23:00:03.129494+02:00 | keyword=Aviator
2026-10-06 23:00:03,130 [INFO] Starting Playwright with dedicated SERP Chrome profile: C:\Users\santhm\Desktop\SERP_Monitor\SERP_Monitor\scripts\serp_chrome_profile_aviator
2026-10-06 23:00:03,130 [INFO] Headless mode: False
2026-10-06 23:00:03,939 [INFO] Persistent Chrome context ready.
2026-10-06 23:00:03,975 [INFO] GET https://www.google.com/search?q=Aviator&hl=en&gl=za&num=20&pws=0
2026-10-06 23:00:08,146 [INFO] SERP loaded.
2026-10-06 23:00:08,149 [INFO] SERP candidates found (H3): 10
2026-10-06 23:00:08,543 [INFO] Rank 1 | hollywoodbets.net | Play Aviator | Aviator Game | Hollywoodbets SA
2026-10-06 23:00:09,194 [INFO] Rank 2 | betway.co.za | Play Aviator and reach for the sky | Betway Sports betting
2026-10-06 23:00:09,231 [INFO] Rank 3 | play.google.com | Aviator – Apps on Google Play
2026-10-06 23:00:09,850 [INFO] Rank 4 | betway.co.za | Play Online Casino Games - Register ...
2026-10-06 23:00:11,703 [INFO] Rank 5 | 10bet.co.za | Play Aviator Game Online | Crash Game by Spribe
2026-10-06 23:00:12,660 [INFO] Rank 6 | spribe.co | Aviator
2026-10-06 23:00:13,412 [INFO] Rank 7 | livescore.com | How to Play Aviator on Betway 2026: Get 10 Free Flights
2026-10-06 23:00:16,085 [INFO] Rank 8 | app.aviator.co | Login - Aviator
2026-10-06 23:00:16,627 [INFO] Rank 9 | lottostar.co.za | Aviator | Quick Games
2026-10-06 23:00:17,966 [INFO] Rank 10 | merriam-webster.com | AVIATOR Definition & Meaning
2026-10-06 23:00:17,966 [INFO] SERP extraction complete: 10/10 organic results
2026-10-06 23:00:17,983 [INFO] Updated 10 SERP rows for 2026-10-06 at 23:00
2026-10-06 23:00:18,009 [INFO] Excel workbook saved: C:\Users\santhm\Desktop\SERP_Monitor\SERP_Monitor\scripts\aviator_rankings.xlsx
2026-10-06 23:00:18,301 [INFO] Browser closed.
2026-10-07 00:00:04,974 [INFO] ============================================================
2026-10-07 00:00:04,975 [INFO] Run start: 2026-10-07T00:00:04.974900+02:00 | keyword=Aviator
2026-10-07 00:00:04,975 [INFO] Starting Playwright with dedicated SERP Chrome profile: C:\Users\santhm\Desktop\SERP_Monitor\SERP_Monitor\scripts\serp_chrome_profile_aviator
2026-10-07 00:00:04,975 [INFO] Headless mode: False
2026-10-07 00:00:05,831 [INFO] Persistent Chrome context ready.
2026-10-07 00:00:05,873 [INFO] GET https://www.google.com/search?q=Aviator&hl=en&gl=za&num=20&pws=0
2026-10-07 00:00:09,886 [INFO] SERP loaded.
2026-10-07 00:00:09,888 [INFO] SERP candidates found (H3): 10
2026-10-07 00:00:10,380 [INFO] Rank 1 | hollywoodbets.net | Play Aviator | Aviator Game | Hollywoodbets SA
2026-10-07 00:00:11,034 [INFO] Rank 2 | betway.co.za | Play Aviator and reach for the sky | Betway Sports betting
2026-10-07 00:00:11,070 [INFO] Rank 3 | play.google.com | Aviator – Apps on Google Play
2026-10-07 00:00:11,677 [INFO] Rank 4 | betway.co.za | Play Online Casino Games - Register ...
2026-10-07 00:00:12,833 [INFO] Rank 5 | 10bet.co.za | Play Aviator Game Online | Crash Game by Spribe
2026-10-07 00:00:13,806 [INFO] Rank 6 | spribe.co | Aviator
2026-10-07 00:00:14,954 [INFO] Rank 7 | livescore.com | How to Play Aviator on Betway 2026: Get 10 Free Flights
2026-10-07 00:00:18,427 [INFO] Rank 8 | app.aviator.co | Login - Aviator
2026-10-07 00:00:19,024 [INFO] Rank 9 | lottostar.co.za | Aviator | Quick Games
2026-10-07 00:00:21,276 [INFO] Rank 10 | merriam-webster.com | AVIATOR Definition & Meaning
2026-10-07 00:00:21,276 [INFO] SERP extraction complete: 10/10 organic results
2026-10-07 00:00:21,321 [INFO] Updated 10 SERP rows for 2026-10-07 at 00:00
2026-10-07 00:00:21,353 [INFO] Excel workbook saved: C:\Users\santhm\Desktop\SERP_Monitor\SERP_Monitor\scripts\aviator_rankings.xlsx
2026-10-07 00:00:21,607 [INFO] Browser closed.
2026-10-07 01:00:04,601 [INFO] ============================================================
2026-10-07 01:00:04,601 [INFO] Run start: 2026-10-07T01:00:04.601032+02:00 | keyword=Aviator
2026-10-07 01:00:04,601 [INFO] Starting Playwright with dedicated SERP Chrome profile: C:\Users\santhm\Desktop\SERP_Monitor\SERP_Monitor\scripts\serp_chrome_profile_aviator
2026-10-07 01:00:04,601 [INFO] Headless mode: False
2026-10-07 01:00:05,546 [INFO] Persistent Chrome context ready.
2026-10-07 01:00:05,570 [INFO] GET https://www.google.com/search?q=Aviator&hl=en&gl=za&num=20&pws=0
2026-10-07 01:00:09,630 [INFO] SERP loaded.
2026-10-07 01:00:09,633 [INFO] SERP candidates found (H3): 10
2026-10-07 01:00:10,045 [INFO] Rank 1 | hollywoodbets.net | Play Aviator | Aviator Game | Hollywoodbets SA
2026-10-07 01:00:10,725 [INFO] Rank 2 | betway.co.za | Play Online Casino Games - Register ...
2026-10-07 01:00:11,395 [INFO] Rank 3 | betway.co.za | Play Aviator and reach for the sky | Betway Sports betting
2026-10-07 01:00:13,225 [INFO] Rank 4 | 10bet.co.za | Play Aviator Game Online | Crash Game by Spribe
2026-10-07 01:00:13,263 [INFO] Rank 5 | play.google.com | Aviator – Apps on Google Play
2026-10-07 01:00:14,463 [INFO] Rank 6 | livescore.com | How to Play Aviator on Betway 2026: Get 10 Free Flights
2026-10-07 01:00:15,439 [INFO] Rank 7 | spribe.co | Aviator
2026-10-07 01:00:16,815 [INFO] Rank 8 | gbets.co.za | Play Aviator Slot by SPRIBE - Crash Games
2026-10-07 01:00:17,487 [INFO] Rank 9 | betway.co.za | Play Aviator | Register and Get 10 Free Flights
2026-10-07 01:00:26,078 [INFO] Rank 10 | en.wikipedia.org | Aircraft pilot
2026-10-07 01:00:26,078 [INFO] SERP extraction complete: 10/10 organic results
2026-10-07 01:00:26,096 [INFO] Updated 10 SERP rows for 2026-10-07 at 01:00
2026-10-07 01:00:26,127 [INFO] Excel workbook saved: C:\Users\santhm\Desktop\SERP_Monitor\SERP_Monitor\scripts\aviator_rankings.xlsx
2026-10-07 01:00:26,395 [INFO] Browser closed.
2026-10-07 02:00:04,334 [INFO] ============================================================
2026-10-07 02:00:04,334 [INFO] Run start: 2026-10-07T02:00:04.334506+02:00 | keyword=Aviator
2026-10-07 02:00:04,335 [INFO] Starting Playwright with dedicated SERP Chrome profile: C:\Users\santhm\Desktop\SERP_Monitor\SERP_Monitor\scripts\serp_chrome_profile_aviator
2026-10-07 02:00:04,335 [INFO] Headless mode: False
2026-10-07 02:00:05,243 [INFO] Persistent Chrome context ready.
2026-10-07 02:00:05,281 [INFO] GET https://www.google.com/search?q=Aviator&hl=en&gl=za&num=20&pws=0
2026-10-07 02:00:09,845 [INFO] SERP loaded.
2026-10-07 02:00:09,847 [INFO] SERP candidates found (H3): 10
2026-10-07 02:00:10,353 [INFO] Rank 1 | hollywoodbets.net | Play Aviator | Aviator Game | Hollywoodbets SA
2026-10-07 02:00:11,015 [INFO] Rank 2 | betway.co.za | Play Online Casino Games - Register ...
2026-10-07 02:00:11,700 [INFO] Rank 3 | betway.co.za | Play Aviator and reach for the sky | Betway Sports betting
2026-10-07 02:00:12,779 [INFO] Rank 4 | 10bet.co.za | Play Aviator Game Online | Crash Game by Spribe
2026-10-07 02:00:12,820 [INFO] Rank 5 | play.google.com | Aviator – Apps on Google Play
2026-10-07 02:00:13,964 [INFO] Rank 6 | livescore.com | How to Play Aviator on Betway 2026: Get 10 Free Flights
2026-10-07 02:00:14,940 [INFO] Rank 7 | spribe.co | Aviator
2026-10-07 02:00:15,736 [INFO] Rank 8 | gbets.co.za | Play Aviator Slot by SPRIBE - Crash Games
2026-10-07 02:00:16,623 [INFO] Rank 9 | betway.co.za | Play Aviator | Register and Get 10 Free Flights
2026-10-07 02:00:18,704 [INFO] Rank 10 | en.wikipedia.org | Aircraft pilot
2026-10-07 02:00:18,704 [INFO] SERP extraction complete: 10/10 organic results
2026-10-07 02:00:18,728 [INFO] Updated 10 SERP rows for 2026-10-07 at 02:00
2026-10-07 02:00:18,759 [INFO] Excel workbook saved: C:\Users\santhm\Desktop\SERP_Monitor\SERP_Monitor\scripts\aviator_rankings.xlsx
2026-10-07 02:00:19,037 [INFO] Browser closed.
2026-10-07 03:00:04,639 [INFO] ============================================================
2026-10-07 03:00:04,639 [INFO] Run start: 2026-10-07T03:00:04.639000+02:00 | keyword=Aviator
2026-10-07 03:00:04,639 [INFO] Starting Playwright with dedicated SERP Chrome profile: C:\Users\santhm\Desktop\SERP_Monitor\SERP_Monitor\scripts\serp_chrome_profile_aviator
2026-10-07 03:00:04,639 [INFO] Headless mode: False
2026-10-07 03:00:05,579 [INFO] Persistent Chrome context ready.
2026-10-07 03:00:05,623 [INFO] GET https://www.google.com/search?q=Aviator&hl=en&gl=za&num=20&pws=0
2026-10-07 03:00:10,050 [INFO] SERP loaded.
2026-10-07 03:00:10,052 [INFO] SERP candidates found (H3): 10
2026-10-07 03:00:10,464 [INFO] Rank 1 | hollywoodbets.net | Play Aviator | Aviator Game | Hollywoodbets SA
2026-10-07 03:00:11,124 [INFO] Rank 2 | betway.co.za | Play Online Casino Games - Register ...
2026-10-07 03:00:11,754 [INFO] Rank 3 | betway.co.za | Play Aviator and reach for the sky | Betway Sports betting
2026-10-07 03:00:13,620 [INFO] Rank 4 | 10bet.co.za | Play Aviator Game Online | Crash Game by Spribe
2026-10-07 03:00:14,227 [INFO] Rank 5 | betway.co.za | Play Aviator Demo Game Free
2026-10-07 03:00:14,260 [INFO] Rank 6 | play.google.com | Aviator Game - Apps on Google Play
2026-10-07 03:00:15,667 [INFO] Rank 7 | livescore.com | How to Play Aviator on Betway 2026: Get 10 Free Flights
2026-10-07 03:00:16,658 [INFO] Rank 8 | spribe.co | Aviator
2026-10-07 03:00:18,766 [INFO] Rank 9 | en.wikipedia.org | Aircraft pilot
2026-10-07 03:00:19,646 [INFO] Rank 10 | betway.co.za | Play Aviator | Register and Get 10 Free Flights
2026-10-07 03:00:19,646 [INFO] SERP extraction complete: 10/10 organic results
2026-10-07 03:00:19,669 [INFO] Updated 10 SERP rows for 2026-10-07 at 03:00
2026-10-07 03:00:19,700 [INFO] Excel workbook saved: C:\Users\santhm\Desktop\SERP_Monitor\SERP_Monitor\scripts\aviator_rankings.xlsx
2026-10-07 03:00:19,994 [INFO] Browser closed.
2026-10-07 04:00:03,448 [INFO] ============================================================
2026-10-07 04:00:03,448 [INFO] Run start: 2026-10-07T04:00:03.448612+02:00 | keyword=Aviator
2026-10-07 04:00:03,449 [INFO] Starting Playwright with dedicated SERP Chrome profile: C:\Users\santhm\Desktop\SERP_Monitor\SERP_Monitor\scripts\serp_chrome_profile_aviator
2026-10-07 04:00:03,449 [INFO] Headless mode: False
2026-10-07 04:00:04,360 [INFO] Persistent Chrome context ready.
2026-10-07 04:00:04,384 [INFO] GET https://www.google.com/search?q=Aviator&hl=en&gl=za&num=20&pws=0
2026-10-07 04:00:08,827 [INFO] SERP loaded.
2026-10-07 04:00:08,831 [INFO] SERP candidates found (H3): 10
2026-10-07 04:00:09,391 [INFO] Rank 1 | hollywoodbets.net | Play Aviator | Aviator Game | Hollywoodbets SA
2026-10-07 04:00:10,053 [INFO] Rank 2 | betway.co.za | Play Online Casino Games - Register ...
2026-10-07 04:00:10,673 [INFO] Rank 3 | betway.co.za | Play Aviator and reach for the sky | Betway Sports betting
2026-10-07 04:00:10,709 [INFO] Rank 4 | play.google.com | Aviator Game - Apps on Google Play
2026-10-07 04:00:11,321 [INFO] Rank 5 | betway.co.za | Play Aviator Demo Game Free
2026-10-07 04:00:12,426 [INFO] Rank 6 | spribe.co | Aviator
2026-10-07 04:00:13,655 [INFO] Rank 7 | livescore.com | How to Play Aviator on Betway 2026: Get 10 Free Flights
2026-10-07 04:00:14,813 [INFO] Rank 8 | 10bet.co.za | Play Aviator Game Online | Crash Game by Spribe
2026-10-07 04:00:16,958 [INFO] Rank 9 | en.wikipedia.org | Aircraft pilot
2026-10-07 04:00:17,836 [INFO] Rank 10 | betway.co.za | Play Aviator | Register and Get 10 Free Flights
2026-10-07 04:00:17,836 [INFO] SERP extraction complete: 10/10 organic results
2026-10-07 04:00:17,859 [INFO] Updated 10 SERP rows for 2026-10-07 at 04:00
2026-10-07 04:00:17,881 [WARNING] Excel file is locked; retrying save (1/5)...
2026-10-07 04:00:19,398 [INFO] Excel workbook saved: C:\Users\santhm\Desktop\SERP_Monitor\SERP_Monitor\scripts\aviator_rankings.xlsx
2026-10-07 04:00:19,713 [INFO] Browser closed.
2026-10-07 05:00:04,226 [INFO] ============================================================
2026-10-07 05:00:04,227 [INFO] Run start: 2026-10-07T05:00:04.226706+02:00 | keyword=Aviator
2026-10-07 05:00:04,227 [INFO] Starting Playwright with dedicated SERP Chrome profile: C:\Users\santhm\Desktop\SERP_Monitor\SERP_Monitor\scripts\serp_chrome_profile_aviator
2026-10-07 05:00:04,227 [INFO] Headless mode: False
2026-10-07 05:00:05,137 [INFO] Persistent Chrome context ready.
2026-10-07 05:00:05,180 [INFO] GET https://www.google.com/search?q=Aviator&hl=en&gl=za&num=20&pws=0
2026-10-07 05:00:09,336 [INFO] SERP loaded.
2026-10-07 05:00:09,339 [INFO] SERP candidates found (H3): 10
2026-10-07 05:00:09,766 [INFO] Rank 1 | hollywoodbets.net | Play Aviator | Aviator Game | Hollywoodbets SA
2026-10-07 05:00:10,573 [INFO] Rank 2 | betway.co.za | Play Online Casino Games - Register ...
2026-10-07 05:00:11,196 [INFO] Rank 3 | betway.co.za | Play Aviator and reach for the sky | Betway Sports betting
2026-10-07 05:00:11,803 [INFO] Rank 4 | betway.co.za | Play Aviator Demo Game Free
2026-10-07 05:00:11,837 [INFO] Rank 5 | play.google.com | Aviator Game - Apps on Google Play
2026-10-07 05:00:12,995 [INFO] Rank 6 | livescore.com | How to Play Aviator on Betway 2026: Get 10 Free Flights
2026-10-07 05:00:14,305 [INFO] Rank 7 | spribe.co | Aviator
2026-10-07 05:00:16,098 [INFO] Rank 8 | 10bet.co.za | Play Aviator Game Online | Crash Game by Spribe
2026-10-07 05:00:18,206 [INFO] Rank 9 | en.wikipedia.org | Aircraft pilot
2026-10-07 05:00:19,056 [INFO] Rank 10 | betway.co.za | Play Aviator | Register and Get 10 Free Flights
2026-10-07 05:00:19,056 [INFO] SERP extraction complete: 10/10 organic results
2026-10-07 05:00:19,077 [INFO] Updated 10 SERP rows for 2026-10-07 at 05:00
2026-10-07 05:00:19,107 [WARNING] Excel file is locked; retrying save (1/5)...
2026-10-07 05:00:20,625 [INFO] Excel workbook saved: C:\Users\santhm\Desktop\SERP_Monitor\SERP_Monitor\scripts\aviator_rankings.xlsx
2026-10-07 05:00:20,924 [INFO] Browser closed.
2026-10-07 06:00:04,567 [INFO] ============================================================
2026-10-07 06:00:04,567 [INFO] Run start: 2026-10-07T06:00:04.567441+02:00 | keyword=Aviator
2026-10-07 06:00:04,568 [INFO] Starting Playwright with dedicated SERP Chrome profile: C:\Users\santhm\Desktop\SERP_Monitor\SERP_Monitor\scripts\serp_chrome_profile_aviator
2026-10-07 06:00:04,568 [INFO] Headless mode: False
2026-10-07 06:00:05,523 [INFO] Persistent Chrome context ready.
2026-10-07 06:00:05,577 [INFO] GET https://www.google.com/search?q=Aviator&hl=en&gl=za&num=20&pws=0
2026-10-07 06:00:10,748 [INFO] SERP loaded.
2026-10-07 06:00:10,750 [INFO] SERP candidates found (H3): 10
2026-10-07 06:00:11,162 [INFO] Rank 1 | hollywoodbets.net | Play Aviator | Aviator Game | Hollywoodbets SA
2026-10-07 06:00:11,841 [INFO] Rank 2 | betway.co.za | Play Online Casino Games - Register ...
2026-10-07 06:00:12,484 [INFO] Rank 3 | betway.co.za | Play Aviator and reach for the sky | Betway Sports betting
2026-10-07 06:00:13,142 [INFO] Rank 4 | betway.co.za | Play Aviator Demo Game Free
2026-10-07 06:00:14,166 [INFO] Rank 5 | 10bet.co.za | Play Aviator Game Online | Crash Game by Spribe
2026-10-07 06:00:15,274 [INFO] Rank 6 | apps.apple.com | Aviator - MSport Games - App Store
2026-10-07 06:00:16,413 [INFO] Rank 7 | livescore.com | How to Play Aviator on Betway 2026: Get 10 Free Flights
2026-10-07 06:00:16,450 [INFO] Rank 8 | play.google.com | Aviator Game - Apps on Google Play
2026-10-07 06:00:17,414 [INFO] Rank 9 | spribe.co | Aviator
2026-10-07 06:00:20,381 [INFO] Rank 10 | firstbet.co.za | Fly in First-Class with Aviator - FirstBet
2026-10-07 06:00:20,381 [INFO] SERP extraction complete: 10/10 organic results
2026-10-07 06:00:20,399 [INFO] Updated 10 SERP rows for 2026-10-07 at 06:00
2026-10-07 06:00:20,425 [INFO] Excel workbook saved: C:\Users\santhm\Desktop\SERP_Monitor\SERP_Monitor\scripts\aviator_rankings.xlsx
2026-10-07 06:00:20,679 [INFO] Browser closed.
2026-10-07 07:00:04,622 [INFO] ============================================================
2026-10-07 07:00:04,623 [INFO] Run start: 2026-10-07T07:00:04.622854+02:00 | keyword=Aviator
2026-10-07 07:00:04,623 [INFO] Starting Playwright with dedicated SERP Chrome profile: C:\Users\santhm\Desktop\SERP_Monitor\SERP_Monitor\scripts\serp_chrome_profile_aviator
2026-10-07 07:00:04,623 [INFO] Headless mode: False
2026-10-07 07:00:05,580 [INFO] Persistent Chrome context ready.
2026-10-07 07:00:05,604 [INFO] GET https://www.google.com/search?q=Aviator&hl=en&gl=za&num=20&pws=0
2026-10-07 07:00:09,432 [INFO] SERP loaded.
2026-10-07 07:00:09,434 [INFO] SERP candidates found (H3): 10
2026-10-07 07:00:09,837 [INFO] Rank 1 | hollywoodbets.net | Play Aviator | Aviator Game | Hollywoodbets SA
2026-10-07 07:00:10,504 [INFO] Rank 2 | betway.co.za | Play Aviator and reach for the sky | Betway Sports betting
2026-10-07 07:00:10,543 [INFO] Rank 3 | play.google.com | Aviator – Apps on Google Play
2026-10-07 07:00:11,678 [INFO] Rank 4 | 10bet.co.za | Play Aviator Game Online | Crash Game by Spribe
2026-10-07 07:00:12,837 [INFO] Rank 5 | livescore.com | How to Play Aviator on Betway 2026: Get 10 Free Flights
2026-10-07 07:00:13,846 [INFO] Rank 6 | spribe.co | Aviator
2026-10-07 07:00:15,486 [INFO] Rank 7 | en.wikipedia.org | Aircraft pilot
2026-10-07 07:00:16,377 [INFO] Rank 8 | betway.co.za | Play Aviator | Register and Get 10 Free Flights
2026-10-07 07:00:17,710 [INFO] Rank 9 | gbets.co.za | Play Aviator Slot by SPRIBE - Crash Games
2026-10-07 07:00:18,543 [INFO] Rank 10 | lottostar.co.za | Aviator | Quick Games
2026-10-07 07:00:18,543 [INFO] SERP extraction complete: 10/10 organic results
2026-10-07 07:00:18,567 [INFO] Updated 10 SERP rows for 2026-10-07 at 07:00
2026-10-07 07:00:18,598 [INFO] Excel workbook saved: C:\Users\santhm\Desktop\SERP_Monitor\SERP_Monitor\scripts\aviator_rankings.xlsx
2026-10-07 07:00:18,835 [INFO] Browser closed.
2026-10-07 08:00:03,840 [INFO] ============================================================
2026-10-07 08:00:03,840 [INFO] Run start: 2026-10-07T08:00:03.840711+02:00 | keyword=Aviator
2026-10-07 08:00:03,841 [INFO] Starting Playwright with dedicated SERP Chrome profile: C:\Users\santhm\Desktop\SERP_Monitor\SERP_Monitor\scripts\serp_chrome_profile_aviator
2026-10-07 08:00:03,841 [INFO] Headless mode: False
2026-10-07 08:00:04,794 [INFO] Persistent Chrome context ready.
2026-10-07 08:00:04,862 [INFO] GET https://www.google.com/search?q=Aviator&hl=en&gl=za&num=20&pws=0
2026-10-07 08:00:08,827 [INFO] SERP loaded.
2026-10-07 08:00:08,832 [INFO] SERP candidates found (H3): 10
2026-10-07 08:00:09,651 [INFO] Rank 1 | hollywoodbets.net | Play Aviator | Aviator Game | Hollywoodbets SA
2026-10-07 08:00:10,423 [INFO] Rank 2 | betway.co.za | Play Online Casino Games - Register ...
2026-10-07 08:00:11,083 [INFO] Rank 3 | betway.co.za | Play Aviator and reach for the sky | Betway Sports betting
2026-10-07 08:00:13,063 [INFO] Rank 4 | 10bet.co.za | Play Aviator Game Online | Crash Game by Spribe
2026-10-07 08:00:13,097 [INFO] Rank 5 | play.google.com | Aviator – Apps on Google Play
2026-10-07 08:00:14,513 [INFO] Rank 6 | livescore.com | How to Play Aviator on Betway 2026: Get 10 Free Flights
2026-10-07 08:00:15,558 [INFO] Rank 7 | spribe.co | Aviator
2026-10-07 08:00:17,290 [INFO] Rank 8 | en.wikipedia.org | Aircraft pilot
2026-10-07 08:00:18,133 [INFO] Rank 9 | gbets.co.za | Play Aviator Slot by SPRIBE - Crash Games
2026-10-07 08:00:20,008 [INFO] Rank 10 | betway.co.za | Play Aviator | Register and Get 10 Free Flights
2026-10-07 08:00:20,008 [INFO] SERP extraction complete: 10/10 organic results
2026-10-07 08:00:20,034 [INFO] Updated 10 SERP rows for 2026-10-07 at 08:00
2026-10-07 08:00:20,063 [INFO] Excel workbook saved: C:\Users\santhm\Desktop\SERP_Monitor\SERP_Monitor\scripts\aviator_rankings.xlsx
2026-10-07 08:00:20,353 [INFO] Browser closed.
2026-10-07 09:00:07,800 [INFO] ============================================================
2026-10-07 09:00:07,801 [INFO] Run start: 2026-10-07T09:00:07.800818+02:00 | keyword=Aviator
2026-10-07 09:00:07,801 [INFO] Starting Playwright with dedicated SERP Chrome profile: C:\Users\santhm\Desktop\SERP_Monitor\SERP_Monitor\scripts\serp_chrome_profile_aviator
2026-10-07 09:00:07,801 [INFO] Headless mode: False
2026-10-07 09:00:08,773 [INFO] Persistent Chrome context ready.
2026-10-07 09:00:08,799 [INFO] GET https://www.google.com/search?q=Aviator&hl=en&gl=za&num=20&pws=0
2026-10-07 09:00:13,847 [INFO] SERP loaded.
2026-10-07 09:00:13,849 [INFO] SERP candidates found (H3): 10
2026-10-07 09:00:14,338 [INFO] Rank 1 | hollywoodbets.net | Play Aviator | Aviator Game | Hollywoodbets SA
2026-10-07 09:00:15,028 [INFO] Rank 2 | betway.co.za | Play Online Casino Games - Register ...
2026-10-07 09:00:15,781 [INFO] Rank 3 | betway.co.za | Play Aviator and reach for the sky | Betway Sports betting
2026-10-07 09:00:16,969 [INFO] Rank 4 | 10bet.co.za | Play Aviator Game Online | Crash Game by Spribe
2026-10-07 09:00:17,013 [INFO] Rank 5 | play.google.com | Aviator – Apps on Google Play
2026-10-07 09:00:18,271 [INFO] Rank 6 | livescore.com | How to Play Aviator on Betway 2026: Get 10 Free Flights
2026-10-07 09:00:19,702 [INFO] Rank 7 | spribe.co | Aviator
2026-10-07 09:00:21,446 [INFO] Rank 8 | en.wikipedia.org | Aircraft pilot
2026-10-07 09:00:22,306 [INFO] Rank 9 | gbets.co.za | Play Aviator Slot by SPRIBE - Crash Games
2026-10-07 09:00:23,393 [INFO] Rank 10 | betway.co.za | Play Aviator | Register and Get 10 Free Flights
2026-10-07 09:00:23,393 [INFO] SERP extraction complete: 10/10 organic results
2026-10-07 09:00:23,415 [INFO] Updated 10 SERP rows for 2026-10-07 at 09:00
2026-10-07 09:00:23,445 [INFO] Excel workbook saved: C:\Users\santhm\Desktop\SERP_Monitor\SERP_Monitor\scripts\aviator_rankings.xlsx
2026-10-07 09:00:23,777 [INFO] Browser closed.
